../ROFA_RTOS/Inc/Scheduler.c:117:6:MYRTOS_IdleTask	0	static,ignoring_inline_asm
../ROFA_RTOS/Inc/Scheduler.c:52:28:PendSV_Handler	0	static,ignoring_inline_asm
../ROFA_RTOS/Inc/Scheduler.c:141:6:MYRTOS_Create_MainStack	0	static
../ROFA_RTOS/Inc/Scheduler.c:180:6:MyRTOS_Create_TaskStack	16	static
../ROFA_RTOS/Inc/Scheduler.c:217:16:MYRTOS_CreateTask	16	static
../ROFA_RTOS/Inc/Scheduler.c:151:16:MYRTOS_init	16	static
../ROFA_RTOS/Inc/Scheduler.c:258:6:bubbleSort	16	static
../ROFA_RTOS/Inc/Scheduler.c:276:6:MyRTOS_Update_Schadule_tables	40	static
../ROFA_RTOS/Inc/Scheduler.c:336:6:Decide_whatNext	8	static
../ROFA_RTOS/Inc/Scheduler.c:359:6:OS_SVC	8	static
../ROFA_RTOS/Inc/Scheduler.c:396:1:MYRTOS_OS_SVC_Set	0	static,ignoring_inline_asm
../ROFA_RTOS/Inc/Scheduler.c:418:6:MYRTOS_ActivateTask	0	static,ignoring_inline_asm
../ROFA_RTOS/Inc/Scheduler.c:423:6:MYRTOS_TerminateTask	0	static,ignoring_inline_asm
../ROFA_RTOS/Inc/Scheduler.c:428:6:MYRTOS_TaskWait	0	static,ignoring_inline_asm
../ROFA_RTOS/Inc/Scheduler.c:441:6:MYRTOS_STARTOS	16	static,ignoring_inline_asm
../ROFA_RTOS/Inc/Scheduler.c:464:6:MYRTOS_Update_TasksWaitingTime	12	static,ignoring_inline_asm
../ROFA_RTOS/Inc/Scheduler.c:488:16:MYRTOS_AcquireMutex	0	static,ignoring_inline_asm
../ROFA_RTOS/Inc/Scheduler.c:510:6:MYRTOS_ReleaseMutex	0	static,ignoring_inline_asm
