Archive member included to satisfy reference by file (symbol)

D:/programm/STM32CubeIDE_1.13.2/STM32CubeIDE/plugins/com.st.stm32cube.ide.mcu.externaltools.gnu-tools-for-stm32.11.3.rel1.win32_1.1.1.202309131626/tools/bin/../lib/gcc/arm-none-eabi/11.3.1/../../../../arm-none-eabi/lib/thumb/v7-m/nofp\libc_nano.a(libc_a-exit.o)
                              D:/programm/STM32CubeIDE_1.13.2/STM32CubeIDE/plugins/com.st.stm32cube.ide.mcu.externaltools.gnu-tools-for-stm32.11.3.rel1.win32_1.1.1.202309131626/tools/bin/../lib/gcc/arm-none-eabi/11.3.1/../../../../arm-none-eabi/lib/thumb/v7-m/nofp/crt0.o (exit)
D:/programm/STM32CubeIDE_1.13.2/STM32CubeIDE/plugins/com.st.stm32cube.ide.mcu.externaltools.gnu-tools-for-stm32.11.3.rel1.win32_1.1.1.202309131626/tools/bin/../lib/gcc/arm-none-eabi/11.3.1/../../../../arm-none-eabi/lib/thumb/v7-m/nofp\libc_nano.a(libc_a-findfp.o)
                              D:/programm/STM32CubeIDE_1.13.2/STM32CubeIDE/plugins/com.st.stm32cube.ide.mcu.externaltools.gnu-tools-for-stm32.11.3.rel1.win32_1.1.1.202309131626/tools/bin/../lib/gcc/arm-none-eabi/11.3.1/../../../../arm-none-eabi/lib/thumb/v7-m/nofp\libc_nano.a(libc_a-exit.o) (__stdio_exit_handler)
D:/programm/STM32CubeIDE_1.13.2/STM32CubeIDE/plugins/com.st.stm32cube.ide.mcu.externaltools.gnu-tools-for-stm32.11.3.rel1.win32_1.1.1.202309131626/tools/bin/../lib/gcc/arm-none-eabi/11.3.1/../../../../arm-none-eabi/lib/thumb/v7-m/nofp\libc_nano.a(libc_a-fwalk.o)
                              D:/programm/STM32CubeIDE_1.13.2/STM32CubeIDE/plugins/com.st.stm32cube.ide.mcu.externaltools.gnu-tools-for-stm32.11.3.rel1.win32_1.1.1.202309131626/tools/bin/../lib/gcc/arm-none-eabi/11.3.1/../../../../arm-none-eabi/lib/thumb/v7-m/nofp\libc_nano.a(libc_a-findfp.o) (_fwalk_sglue)
D:/programm/STM32CubeIDE_1.13.2/STM32CubeIDE/plugins/com.st.stm32cube.ide.mcu.externaltools.gnu-tools-for-stm32.11.3.rel1.win32_1.1.1.202309131626/tools/bin/../lib/gcc/arm-none-eabi/11.3.1/../../../../arm-none-eabi/lib/thumb/v7-m/nofp\libc_nano.a(libc_a-stdio.o)
                              D:/programm/STM32CubeIDE_1.13.2/STM32CubeIDE/plugins/com.st.stm32cube.ide.mcu.externaltools.gnu-tools-for-stm32.11.3.rel1.win32_1.1.1.202309131626/tools/bin/../lib/gcc/arm-none-eabi/11.3.1/../../../../arm-none-eabi/lib/thumb/v7-m/nofp\libc_nano.a(libc_a-findfp.o) (__sread)
D:/programm/STM32CubeIDE_1.13.2/STM32CubeIDE/plugins/com.st.stm32cube.ide.mcu.externaltools.gnu-tools-for-stm32.11.3.rel1.win32_1.1.1.202309131626/tools/bin/../lib/gcc/arm-none-eabi/11.3.1/../../../../arm-none-eabi/lib/thumb/v7-m/nofp\libc_nano.a(libc_a-memset.o)
                              D:/programm/STM32CubeIDE_1.13.2/STM32CubeIDE/plugins/com.st.stm32cube.ide.mcu.externaltools.gnu-tools-for-stm32.11.3.rel1.win32_1.1.1.202309131626/tools/bin/../lib/gcc/arm-none-eabi/11.3.1/../../../../arm-none-eabi/lib/thumb/v7-m/nofp/crt0.o (memset)
D:/programm/STM32CubeIDE_1.13.2/STM32CubeIDE/plugins/com.st.stm32cube.ide.mcu.externaltools.gnu-tools-for-stm32.11.3.rel1.win32_1.1.1.202309131626/tools/bin/../lib/gcc/arm-none-eabi/11.3.1/../../../../arm-none-eabi/lib/thumb/v7-m/nofp\libc_nano.a(libc_a-closer.o)
                              D:/programm/STM32CubeIDE_1.13.2/STM32CubeIDE/plugins/com.st.stm32cube.ide.mcu.externaltools.gnu-tools-for-stm32.11.3.rel1.win32_1.1.1.202309131626/tools/bin/../lib/gcc/arm-none-eabi/11.3.1/../../../../arm-none-eabi/lib/thumb/v7-m/nofp\libc_nano.a(libc_a-stdio.o) (_close_r)
D:/programm/STM32CubeIDE_1.13.2/STM32CubeIDE/plugins/com.st.stm32cube.ide.mcu.externaltools.gnu-tools-for-stm32.11.3.rel1.win32_1.1.1.202309131626/tools/bin/../lib/gcc/arm-none-eabi/11.3.1/../../../../arm-none-eabi/lib/thumb/v7-m/nofp\libc_nano.a(libc_a-reent.o)
                              D:/programm/STM32CubeIDE_1.13.2/STM32CubeIDE/plugins/com.st.stm32cube.ide.mcu.externaltools.gnu-tools-for-stm32.11.3.rel1.win32_1.1.1.202309131626/tools/bin/../lib/gcc/arm-none-eabi/11.3.1/../../../../arm-none-eabi/lib/thumb/v7-m/nofp\libc_nano.a(libc_a-closer.o) (errno)
D:/programm/STM32CubeIDE_1.13.2/STM32CubeIDE/plugins/com.st.stm32cube.ide.mcu.externaltools.gnu-tools-for-stm32.11.3.rel1.win32_1.1.1.202309131626/tools/bin/../lib/gcc/arm-none-eabi/11.3.1/../../../../arm-none-eabi/lib/thumb/v7-m/nofp\libc_nano.a(libc_a-impure.o)
                              D:/programm/STM32CubeIDE_1.13.2/STM32CubeIDE/plugins/com.st.stm32cube.ide.mcu.externaltools.gnu-tools-for-stm32.11.3.rel1.win32_1.1.1.202309131626/tools/bin/../lib/gcc/arm-none-eabi/11.3.1/../../../../arm-none-eabi/lib/thumb/v7-m/nofp\libc_nano.a(libc_a-reent.o) (_impure_ptr)
D:/programm/STM32CubeIDE_1.13.2/STM32CubeIDE/plugins/com.st.stm32cube.ide.mcu.externaltools.gnu-tools-for-stm32.11.3.rel1.win32_1.1.1.202309131626/tools/bin/../lib/gcc/arm-none-eabi/11.3.1/../../../../arm-none-eabi/lib/thumb/v7-m/nofp\libc_nano.a(libc_a-lseekr.o)
[...]
Memory Configuration

Name             Origin             Length             Attributes
RAM              0x0000000020000000 0x0000000000005000 xrw
FLASH            0x0000000008000000 0x0000000000010000 xr
*default*        0x0000000000000000 0xffffffffffffffff

Linker script and memory map

LOAD D:/programm/STM32CubeIDE_1.13.2/STM32CubeIDE/plugins/com.st.stm32cube.ide.mcu.externaltools.gnu-tools-for-stm32.11.3.rel1.win32_1.1.1.202309131626/tools/bin/../lib/gcc/arm-none-eabi/11.3.1/thumb/v7-m/nofp/crti.o
LOAD D:/programm/STM32CubeIDE_1.13.2/STM32CubeIDE/plugins/com.st.stm32cube.ide.mcu.externaltools.gnu-tools-for-stm32.11.3.rel1.win32_1.1.1.202309131626/tools/bin/../lib/gcc/arm-none-eabi/11.3.1/thumb/v7-m/nofp/crtbegin.o
LOAD D:/programm/STM32CubeIDE_1.13.2/STM32CubeIDE/plugins/com.st.stm32cube.ide.mcu.externaltools.gnu-tools-for-stm32.11.3.rel1.win32_1.1.1.202309131626/tools/bin/../lib/gcc/arm-none-eabi/11.3.1/../../../../arm-none-eabi/lib/thumb/v7-m/nofp/crt0.o
LOAD ./APP/Stop_Watch.o
LOAD ./HAL/KeyPad.o
LOAD ./HAL/LCD.o
LOAD ./HAL/Segment.o
LOAD ./Src/GPIO.o
LOAD ./Src/NVIC.o
LOAD ./Src/RCC.o
LOAD ./Src/Systick.o
LOAD ./Src/main.o
LOAD ./Src/syscalls.o
LOAD ./Src/sysmem.o
LOAD ./Startup/startup_stm32f103c8tx.o
START GROUP
LOAD D:/programm/STM32CubeIDE_1.13.2/STM32CubeIDE/plugins/com.st.stm32cube.ide.mcu.externaltools.gnu-tools-for-stm32.11.3.rel1.win32_1.1.1.202309131626/tools/bin/../lib/gcc/arm-none-eabi/11.3.1/../../../../arm-none-eabi/lib/thumb/v7-m/nofp\libc_nano.a
LOAD D:/programm/STM32CubeIDE_1.13.2/STM32CubeIDE/plugins/com.st.stm32cube.ide.mcu.externaltools.gnu-tools-for-stm32.11.3.rel1.win32_1.1.1.202309131626/tools/bin/../lib/gcc/arm-none-eabi/11.3.1/../../../../arm-none-eabi/lib/thumb/v7-m/nofp\libm.a
END GROUP
START GROUP
LOAD D:/programm/STM32CubeIDE_1.13.2/STM32CubeIDE/plugins/com.st.stm32cube.ide.mcu.externaltools.gnu-tools-for-stm32.11.3.rel1.win32_1.1.1.202309131626/tools/bin/../lib/gcc/arm-none-eabi/11.3.1/thumb/v7-m/nofp\libgcc.a
LOAD D:/programm/STM32CubeIDE_1.13.2/STM32CubeIDE/plugins/com.st.stm32cube.ide.mcu.externaltools.gnu-tools-for-stm32.11.3.rel1.win32_1.1.1.202309131626/tools/bin/../lib/gcc/arm-none-eabi/11.3.1/../../../../arm-none-eabi/lib/thumb/v7-m/nofp\libc_nano.a
END GROUP
START GROUP
LOAD D:/programm/STM32CubeIDE_1.13.2/STM32CubeIDE/plugins/com.st.stm32cube.ide.mcu.externaltools.gnu-tools-for-stm32.11.3.rel1.win32_1.1.1.202309131626/tools/bin/../lib/gcc/arm-none-eabi/11.3.1/thumb/v7-m/nofp\libgcc.a
LOAD D:/programm/STM32CubeIDE_1.13.2/STM32CubeIDE/plugins/com.st.stm32cube.ide.mcu.externaltools.gnu-tools-for-stm32.11.3.rel1.win32_1.1.1.202309131626/tools/bin/../lib/gcc/arm-none-eabi/11.3.1/../../../../arm-none-eabi/lib/thumb/v7-m/nofp\libc_nano.a
LOAD D:/programm/STM32CubeIDE_1.13.2/STM32CubeIDE/plugins/com.st.stm32cube.ide.mcu.externaltools.gnu-tools-for-stm32.11.3.rel1.win32_1.1.1.202309131626/tools/bin/../lib/gcc/arm-none-eabi/11.3.1/../../../../arm-none-eabi/lib/thumb/v7-m/nofp\libnosys.a
END GROUP
START GROUP
LOAD D:/programm/STM32CubeIDE_1.13.2/STM32CubeIDE/plugins/com.st.stm32cube.ide.mcu.externaltools.gnu-tools-for-stm32.11.3.rel1.win32_1.1.1.202309131626/tools/bin/../lib/gcc/arm-none-eabi/11.3.1/thumb/v7-m/nofp\libgcc.a
LOAD D:/programm/STM32CubeIDE_1.13.2/STM32CubeIDE/plugins/com.st.stm32cube.ide.mcu.externaltools.gnu-tools-for-stm32.11.3.rel1.win32_1.1.1.202309131626/tools/bin/../lib/gcc/arm-none-eabi/11.3.1/../../../../arm-none-eabi/lib/thumb/v7-m/nofp\libc_nano.a
LOAD D:/programm/STM32CubeIDE_1.13.2/STM32CubeIDE/plugins/com.st.stm32cube.ide.mcu.externaltools.gnu-tools-for-stm32.11.3.rel1.win32_1.1.1.202309131626/tools/bin/../lib/gcc/arm-none-eabi/11.3.1/../../../../arm-none-eabi/lib/thumb/v7-m/nofp\libnosys.a
END GROUP
LOAD D:/programm/STM32CubeIDE_1.13.2/STM32CubeIDE/plugins/com.st.stm32cube.ide.mcu.externaltools.gnu-tools-for-stm32.11.3.rel1.win32_1.1.1.202309131626/tools/bin/../lib/gcc/arm-none-eabi/11.3.1/thumb/v7-m/nofp/crtend.o
LOAD D:/programm/STM32CubeIDE_1.13.2/STM32CubeIDE/plugins/com.st.stm32cube.ide.mcu.externaltools.gnu-tools-for-stm32.11.3.rel1.win32_1.1.1.202309131626/tools/bin/../lib/gcc/arm-none-eabi/11.3.1/thumb/v7-m/nofp/crtn.o
                0x0000000020005000                _estack = (ORIGIN (RAM) + LENGTH (RAM))
                0x0000000000000200                _Min_Heap_Size = 0x200
                0x0000000000000400                _Min_Stack_Size = 0x400

.isr_vector     0x0000000008000000      0x130
                0x0000000008000000                . = ALIGN (0x4)
 *(.isr_vector)
 .isr_vector    0x0000000008000000      0x130 ./Startup/startup_stm32f103c8tx.o
                0x0000000008000000                g_pfnVectors
                0x0000000008000130                . = ALIGN (0x4)

.text           0x0000000008000130     0x1074
                0x0000000008000130                . = ALIGN (0x4)
 *(.text)
 .text          0x0000000008000130       0x40 D:/programm/STM32CubeIDE_1.13.2/STM32CubeIDE/plugins/com.st.stm32cube.ide.mcu.externaltools.gnu-tools-for-stm32.11.3.rel1.win32_1.1.1.202309131626/tools/bin/../lib/gcc/arm-none-eabi/11.3.1/thumb/v7-m/nofp/crtbegin.o
 *(.text*)
 .text.Stop_Watch_Init
                0x0000000008000170        0xc ./APP/Stop_Watch.o
                0x0000000008000170                Stop_Watch_Init
 .text.STOPWATCH_EnterTimeValue
                0x000000000800017c      0x158 ./APP/Stop_Watch.o
 .text.STOPWATCH_Edit_Time
                0x00000000080002d4       0xc0 ./APP/Stop_Watch.o
 .text.STOPWATCH_START
                0x0000000008000394       0x48 ./APP/Stop_Watch.o
 .text.Stop_Watch
                0x00000000080003dc       0xd8 ./APP/Stop_Watch.o
                0x00000000080003dc                Stop_Watch
 .text.KeyPad_Init
                0x00000000080004b4       0x5c ./HAL/KeyPad.o
                0x00000000080004b4                KeyPad_Init
 .text.KeyPad_GetKey
                0x0000000008000510       0xa0 ./HAL/KeyPad.o
                0x0000000008000510                KeyPad_GetKey
 .text.LCD_Init
                0x00000000080005b0       0x7e ./HAL/LCD.o
                0x00000000080005b0                LCD_Init
 .text.LCD_SendChar
                0x000000000800062e       0x1a ./HAL/LCD.o
                0x000000000800062e                LCD_SendChar
 .text.LCD_SendString
                0x0000000008000648       0x38 ./HAL/LCD.o
                0x0000000008000648                LCD_SendString
 .text.LCD_SendCommand
                0x0000000008000680       0xea ./HAL/LCD.o
 .text.LCD_SendData
                0x000000000800076a       0xea ./HAL/LCD.o
 .text.LCD_GoTo
                0x0000000008000854       0x64 ./HAL/LCD.o
                0x0000000008000854                LCD_GoTo
 .text.LCD_Clear
                0x00000000080008b8        0xe ./HAL/LCD.o
                0x00000000080008b8                LCD_Clear
 *fill*         0x00000000080008c6        0x2 
 .text.LCD_writeNumber
                0x00000000080008c8       0xac ./HAL/LCD.o
                0x00000000080008c8                LCD_writeNumber
 .text.Seg_Init
                0x0000000008000974       0x2e ./HAL/Segment.o
                0x0000000008000974                Seg_Init
 .text.Display  0x00000000080009a2       0x42 ./HAL/Segment.o
                0x00000000080009a2                Display
 .text.seg_mins
                0x00000000080009e4       0xa0 ./HAL/Segment.o
                0x00000000080009e4                seg_mins
 .text.seg_sec  0x0000000008000a84       0xa0 ./HAL/Segment.o
                0x0000000008000a84                seg_sec
 .text.GPIO_voidSetPinDirection
                0x0000000008000b24      0x18c ./Src/GPIO.o
                0x0000000008000b24                GPIO_voidSetPinDirection
 .text.GPIO_voidSetPinValue
                0x0000000008000cb0       0xbc ./Src/GPIO.o
                0x0000000008000cb0                GPIO_voidSetPinValue
 .text.GPIO_u8GetPinValue
                0x0000000008000d6c       0x7c ./Src/GPIO.o
                0x0000000008000d6c                GPIO_u8GetPinValue
 .text.GPIO_voidSetPortValue
                0x0000000008000de8       0x54 ./Src/GPIO.o
                0x0000000008000de8                GPIO_voidSetPortValue
 .text.GPIO_u16GetPortValue
                0x0000000008000e3c       0x20 ./Src/GPIO.o
                0x0000000008000e3c                GPIO_u16GetPortValue
 .text.delay_ms
                0x0000000008000e5c       0x38 ./Src/GPIO.o
                0x0000000008000e5c                delay_ms
 .text.MRCC_voidInit
                0x0000000008000e94       0x60 ./Src/RCC.o
                0x0000000008000e94                MRCC_voidInit
 .text.MRCC_enumSetPeripheralClock
                0x0000000008000ef4      0x130 ./Src/RCC.o
                0x0000000008000ef4                MRCC_enumSetPeripheralClock
 .text.SYSTICK_Start
                0x0000000008001024       0x20 ./Src/Systick.o
                0x0000000008001024                SYSTICK_Start
 .text.SYSTICK_Stop
                0x0000000008001044       0x20 ./Src/Systick.o
                0x0000000008001044                SYSTICK_Stop
 .text.SysTick_Handler
                0x0000000008001064       0x1c ./Src/Systick.o
                0x0000000008001064                SysTick_Handler
 .text.main     0x0000000008001080       0x70 ./Src/main.o
                0x0000000008001080                main
 .text.Reset_Handler
                0x00000000080010f0       0x50 ./Startup/startup_stm32f103c8tx.o
                0x00000000080010f0                Reset_Handler
 .text.Default_Handler
                0x0000000008001140        0x2 ./Startup/startup_stm32f103c8tx.o
                0x0000000008001140                EXTI2_IRQHandler
                0x0000000008001140                TIM8_TRG_COM_IRQHandler
                0x0000000008001140                TIM8_CC_IRQHandler
                0x0000000008001140                DebugMon_Handler
                0x0000000008001140                TIM1_CC_IRQHandler
                0x0000000008001140                HardFault_Handler
                0x0000000008001140                TIM6_IRQHandler
                0x0000000008001140                PVD_IRQHandler
                0x0000000008001140                SDIO_IRQHandler
                0x0000000008001140                PendSV_Handler
                0x0000000008001140                NMI_Handler
                0x0000000008001140                EXTI3_IRQHandler
                0x0000000008001140                USB_HP_CAN_TX_IRQHandler
                0x0000000008001140                EXTI0_IRQHandler
                0x0000000008001140                I2C2_EV_IRQHandler
                0x0000000008001140                UsageFault_Handler
                0x0000000008001140                ADC1_2_IRQHandler
                0x0000000008001140                SPI1_IRQHandler
                0x0000000008001140                CAN_SCE_IRQHandler
                0x0000000008001140                TAMPER_IRQHandler
                0x0000000008001140                TIM8_UP_IRQHandler
                0x0000000008001140                DMA2_Channel2_IRQHandler
                0x0000000008001140                DMA1_Channel4_IRQHandler
                0x0000000008001140                USART3_IRQHandler
                0x0000000008001140                RTC_IRQHandler
                0x0000000008001140                DMA1_Channel7_IRQHandler
                0x0000000008001140                UART5_IRQHandler
                0x0000000008001140                ADC3_IRQHandler
                0x0000000008001140                TIM4_IRQHandler
                0x0000000008001140                CAN_RX1_IRQHandler
                0x0000000008001140                DMA2_Channel1_IRQHandler
                0x0000000008001140                I2C1_EV_IRQHandler
                0x0000000008001140                DMA1_Channel6_IRQHandler
                0x0000000008001140                UART4_IRQHandler
                0x0000000008001140                TIM3_IRQHandler
                0x0000000008001140                RCC_IRQHandler
                0x0000000008001140                TIM1_TRG_COM_IRQHandler
                0x0000000008001140                DMA1_Channel1_IRQHandler
                0x0000000008001140                Default_Handler
                0x0000000008001140                EXTI15_10_IRQHandler
                0x0000000008001140                TIM7_IRQHandler
                0x0000000008001140                TIM5_IRQHandler
                0x0000000008001140                EXTI9_5_IRQHandler
                0x0000000008001140                SPI2_IRQHandler
                0x0000000008001140                USB_LP_CAN_RX0_IRQHandler
                0x0000000008001140                MemManage_Handler
                0x0000000008001140                SVC_Handler
                0x0000000008001140                DMA1_Channel5_IRQHandler
                0x0000000008001140                EXTI4_IRQHandler
                0x0000000008001140                DMA1_Channel3_IRQHandler
                0x0000000008001140                FSMC_IRQHandler
                0x0000000008001140                TIM1_UP_IRQHandler
                0x0000000008001140                WWDG_IRQHandler
                0x0000000008001140                TIM2_IRQHandler
                0x0000000008001140                TIM1_BRK_IRQHandler
                0x0000000008001140                EXTI1_IRQHandler
                0x0000000008001140                RTCAlarm_IRQHandler
                0x0000000008001140                DMA2_Channel4_5_IRQHandler
                0x0000000008001140                USART2_IRQHandler
                0x0000000008001140                I2C2_ER_IRQHandler
                0x0000000008001140                DMA1_Channel2_IRQHandler
                0x0000000008001140                TIM8_BRK_IRQHandler
                0x0000000008001140                FLASH_IRQHandler
                0x0000000008001140                BusFault_Handler
                0x0000000008001140                USART1_IRQHandler
                0x0000000008001140                SPI3_IRQHandler
                0x0000000008001140                I2C1_ER_IRQHandler
                0x0000000008001140                DMA2_Channel3_IRQHandler
 *fill*         0x0000000008001142        0x2 
 .text.__libc_init_array
                0x0000000008001144       0x48 D:/programm/STM32CubeIDE_1.13.2/STM32CubeIDE/plugins/com.st.stm32cube.ide.mcu.externaltools.gnu-tools-for-stm32.11.3.rel1.win32_1.1.1.202309131626/tools/bin/../lib/gcc/arm-none-eabi/11.3.1/../../../../arm-none-eabi/lib/thumb/v7-m/nofp\libc_nano.a(libc_a-init.o)
                0x0000000008001144                __libc_init_array
 *(.glue_7)
 .glue_7        0x000000000800118c        0x0 linker stubs
 *(.glue_7t)
 .glue_7t       0x000000000800118c        0x0 linker stubs
 *(.eh_frame)
 .eh_frame      0x000000000800118c        0x0 D:/programm/STM32CubeIDE_1.13.2/STM32CubeIDE/plugins/com.st.stm32cube.ide.mcu.externaltools.gnu-tools-for-stm32.11.3.rel1.win32_1.1.1.202309131626/tools/bin/../lib/gcc/arm-none-eabi/11.3.1/thumb/v7-m/nofp/crtbegin.o
 *(.init)
 .init          0x000000000800118c        0x4 D:/programm/STM32CubeIDE_1.13.2/STM32CubeIDE/plugins/com.st.stm32cube.ide.mcu.externaltools.gnu-tools-for-stm32.11.3.rel1.win32_1.1.1.202309131626/tools/bin/../lib/gcc/arm-none-eabi/11.3.1/thumb/v7-m/nofp/crti.o
                0x000000000800118c                _init
 .init          0x0000000008001190        0x8 D:/programm/STM32CubeIDE_1.13.2/STM32CubeIDE/plugins/com.st.stm32cube.ide.mcu.externaltools.gnu-tools-for-stm32.11.3.rel1.win32_1.1.1.202309131626/tools/bin/../lib/gcc/arm-none-eabi/11.3.1/thumb/v7-m/nofp/crtn.o
 *(.fini)
 .fini          0x0000000008001198        0x4 D:/programm/STM32CubeIDE_1.13.2/STM32CubeIDE/plugins/com.st.stm32cube.ide.mcu.externaltools.gnu-tools-for-stm32.11.3.rel1.win32_1.1.1.202309131626/tools/bin/../lib/gcc/arm-none-eabi/11.3.1/thumb/v7-m/nofp/crti.o
                0x0000000008001198                _fini
 .fini          0x000000000800119c        0x8 D:/programm/STM32CubeIDE_1.13.2/STM32CubeIDE/plugins/com.st.stm32cube.ide.mcu.externaltools.gnu-tools-for-stm32.11.3.rel1.win32_1.1.1.202309131626/tools/bin/../lib/gcc/arm-none-eabi/11.3.1/thumb/v7-m/nofp/crtn.o
                0x00000000080011a4                . = ALIGN (0x4)
                0x00000000080011a4                _etext = .

.vfp11_veneer   0x00000000080011a4        0x0
 .vfp11_veneer  0x00000000080011a4        0x0 linker stubs

.v4_bx          0x00000000080011a4        0x0
 .v4_bx         0x00000000080011a4        0x0 linker stubs

.iplt           0x00000000080011a4        0x0
 .iplt          0x00000000080011a4        0x0 D:/programm/STM32CubeIDE_1.13.2/STM32CubeIDE/plugins/com.st.stm32cube.ide.mcu.externaltools.gnu-tools-for-stm32.11.3.rel1.win32_1.1.1.202309131626/tools/bin/../lib/gcc/arm-none-eabi/11.3.1/thumb/v7-m/nofp/crtbegin.o

.rodata         0x00000000080011a4       0x48
                0x00000000080011a4                . = ALIGN (0x4)
 *(.rodata)
 .rodata        0x00000000080011a4       0x35 ./APP/Stop_Watch.o
 *(.rodata*)
 *fill*         0x00000000080011d9        0x3 
 .rodata.KeysARR
                0x00000000080011dc       0x10 ./HAL/KeyPad.o
                0x00000000080011dc                KeysARR
                0x00000000080011ec                . = ALIGN (0x4)

.rel.dyn        0x00000000080011ec        0x0
 .rel.iplt      0x00000000080011ec        0x0 D:/programm/STM32CubeIDE_1.13.2/STM32CubeIDE/plugins/com.st.stm32cube.ide.mcu.externaltools.gnu-tools-for-stm32.11.3.rel1.win32_1.1.1.202309131626/tools/bin/../lib/gcc/arm-none-eabi/11.3.1/thumb/v7-m/nofp/crtbegin.o

.ARM.extab      0x00000000080011ec        0x0
                0x00000000080011ec                . = ALIGN (0x4)
 *(.ARM.extab* .gnu.linkonce.armextab.*)
                0x00000000080011ec                . = ALIGN (0x4)

.ARM            0x00000000080011ec        0x0
                0x00000000080011ec                . = ALIGN (0x4)
                0x00000000080011ec                __exidx_start = .
 *(.ARM.exidx*)
                0x00000000080011ec                __exidx_end = .
                0x00000000080011ec                . = ALIGN (0x4)

.preinit_array  0x00000000080011ec        0x0
                0x00000000080011ec                . = ALIGN (0x4)
                0x00000000080011ec                PROVIDE (__preinit_array_start = .)
 *(.preinit_array*)
                0x00000000080011ec                PROVIDE (__preinit_array_end = .)
                0x00000000080011ec                . = ALIGN (0x4)

.init_array     0x00000000080011ec        0x4
                0x00000000080011ec                . = ALIGN (0x4)
                0x00000000080011ec                PROVIDE (__init_array_start = .)
 *(SORT_BY_NAME(.init_array.*))
 *(.init_array*)
 .init_array    0x00000000080011ec        0x4 D:/programm/STM32CubeIDE_1.13.2/STM32CubeIDE/plugins/com.st.stm32cube.ide.mcu.externaltools.gnu-tools-for-stm32.11.3.rel1.win32_1.1.1.202309131626/tools/bin/../lib/gcc/arm-none-eabi/11.3.1/thumb/v7-m/nofp/crtbegin.o
                0x00000000080011f0                PROVIDE (__init_array_end = .)
                0x00000000080011f0                . = ALIGN (0x4)

.fini_array     0x00000000080011f0        0x4
                0x00000000080011f0                . = ALIGN (0x4)
                [!provide]                        PROVIDE (__fini_array_start = .)
 *(SORT_BY_NAME(.fini_array.*))
 *(.fini_array*)
 .fini_array    0x00000000080011f0        0x4 D:/programm/STM32CubeIDE_1.13.2/STM32CubeIDE/plugins/com.st.stm32cube.ide.mcu.externaltools.gnu-tools-for-stm32.11.3.rel1.win32_1.1.1.202309131626/tools/bin/../lib/gcc/arm-none-eabi/11.3.1/thumb/v7-m/nofp/crtbegin.o
                [!provide]                        PROVIDE (__fini_array_end = .)
                0x00000000080011f4                . = ALIGN (0x4)
                0x00000000080011f4                _sidata = LOADADDR (.data)

.data           0x0000000020000000        0x8 load address 0x00000000080011f4
                0x0000000020000000                . = ALIGN (0x4)
                0x0000000020000000                _sdata = .
 *(.data)
 *(.data*)
 .data.key      0x0000000020000000        0x1 ./APP/Stop_Watch.o
                0x0000000020000000                key
 .data.current_state
                0x0000000020000001        0x1 ./APP/Stop_Watch.o
                0x0000000020000001                current_state
 .data.edit_state
                0x0000000020000002        0x1 ./APP/Stop_Watch.o
                0x0000000020000002                edit_state
 .data.sw_flag2.1
                0x0000000020000003        0x1 ./APP/Stop_Watch.o
 .data.editflag.0
                0x0000000020000004        0x1 ./APP/Stop_Watch.o
 *(.RamFunc)
 *(.RamFunc*)
                0x0000000020000008                . = ALIGN (0x4)
 *fill*         0x0000000020000005        0x3 
                0x0000000020000008                _edata = .

.igot.plt       0x0000000020000008        0x0 load address 0x00000000080011fc
 .igot.plt      0x0000000020000008        0x0 D:/programm/STM32CubeIDE_1.13.2/STM32CubeIDE/plugins/com.st.stm32cube.ide.mcu.externaltools.gnu-tools-for-stm32.11.3.rel1.win32_1.1.1.202309131626/tools/bin/../lib/gcc/arm-none-eabi/11.3.1/thumb/v7-m/nofp/crtbegin.o
                0x0000000020000008                . = ALIGN (0x4)

.bss            0x0000000020000008       0x30 load address 0x00000000080011fc
                0x0000000020000008                _sbss = .
                0x0000000020000008                __bss_start__ = _sbss
 *(.bss)
 .bss           0x0000000020000008       0x1c D:/programm/STM32CubeIDE_1.13.2/STM32CubeIDE/plugins/com.st.stm32cube.ide.mcu.externaltools.gnu-tools-for-stm32.11.3.rel1.win32_1.1.1.202309131626/tools/bin/../lib/gcc/arm-none-eabi/11.3.1/thumb/v7-m/nofp/crtbegin.o
 *(.bss*)
 .bss.sec       0x0000000020000024        0x1 ./APP/Stop_Watch.o
                0x0000000020000024                sec
 .bss.min       0x0000000020000025        0x1 ./APP/Stop_Watch.o
                0x0000000020000025                min
 .bss.sec_set_value
                0x0000000020000026        0x1 ./APP/Stop_Watch.o
                0x0000000020000026                sec_set_value
 .bss.minute_set_value
                0x0000000020000027        0x1 ./APP/Stop_Watch.o
                0x0000000020000027                minute_set_value
 .bss.c         0x0000000020000028        0x1 ./APP/Stop_Watch.o
                0x0000000020000028                c
 *fill*         0x0000000020000029        0x3 
 .bss.digits.3  0x000000002000002c        0x4 ./APP/Stop_Watch.o
 .bss.sw_flag1.2
                0x0000000020000030        0x1 ./APP/Stop_Watch.o
 *fill*         0x0000000020000031        0x3 
 .bss.APPcbf    0x0000000020000034        0x4 ./Src/Systick.o
                0x0000000020000034                APPcbf
 *(COMMON)
                0x0000000020000038                . = ALIGN (0x4)
                0x0000000020000038                _ebss = .
                0x0000000020000038                __bss_end__ = _ebss

._user_heap_stack
                0x0000000020000038      0x600 load address 0x00000000080011fc
                0x0000000020000038                . = ALIGN (0x8)
                [!provide]                        PROVIDE (end = .)
                0x0000000020000038                PROVIDE (_end = .)
                0x0000000020000238                . = (. + _Min_Heap_Size)
 *fill*         0x0000000020000038      0x200 
                0x0000000020000638                . = (. + _Min_Stack_Size)
 *fill*         0x0000000020000238      0x400 
                0x0000000020000638                . = ALIGN (0x8)

/DISCARD/
 libc.a(*)
 libm.a(*)
 libgcc.a(*)

.ARM.attributes
                0x0000000000000000       0x29
 *(.ARM.attributes)
 .ARM.attributes
                0x0000000000000000       0x1d D:/programm/STM32CubeIDE_1.13.2/STM32CubeIDE/plugins/com.st.stm32cube.ide.mcu.externaltools.gnu-tools-for-stm32.11.3.rel1.win32_1.1.1.202309131626/tools/bin/../lib/gcc/arm-none-eabi/11.3.1/thumb/v7-m/nofp/crti.o
 .ARM.attributes
                0x000000000000001d       0x2d D:/programm/STM32CubeIDE_1.13.2/STM32CubeIDE/plugins/com.st.stm32cube.ide.mcu.externaltools.gnu-tools-for-stm32.11.3.rel1.win32_1.1.1.202309131626/tools/bin/../lib/gcc/arm-none-eabi/11.3.1/thumb/v7-m/nofp/crtbegin.o
 .ARM.attributes
                0x000000000000004a       0x2d ./APP/Stop_Watch.o
 .ARM.attributes
                0x0000000000000077       0x2d ./HAL/KeyPad.o
 .ARM.attributes
                0x00000000000000a4       0x2d ./HAL/LCD.o
 .ARM.attributes
                0x00000000000000d1       0x2d ./HAL/Segment.o
 .ARM.attributes
                0x00000000000000fe       0x2d ./Src/GPIO.o
 .ARM.attributes
                0x000000000000012b       0x2d ./Src/RCC.o
 .ARM.attributes
                0x0000000000000158       0x2d ./Src/Systick.o
 .ARM.attributes
                0x0000000000000185       0x2d ./Src/main.o
 .ARM.attributes
                0x00000000000001b2       0x21 ./Startup/startup_stm32f103c8tx.o
 .ARM.attributes
                0x00000000000001d3       0x2d D:/programm/STM32CubeIDE_1.13.2/STM32CubeIDE/plugins/com.st.stm32cube.ide.mcu.externaltools.gnu-tools-for-stm32.11.3.rel1.win32_1.1.1.202309131626/tools/bin/../lib/gcc/arm-none-eabi/11.3.1/../../../../arm-none-eabi/lib/thumb/v7-m/nofp\libc_nano.a(libc_a-init.o)
 .ARM.attributes
                0x0000000000000200       0x1d D:/programm/STM32CubeIDE_1.13.2/STM32CubeIDE/plugins/com.st.stm32cube.ide.mcu.externaltools.gnu-tools-for-stm32.11.3.rel1.win32_1.1.1.202309131626/tools/bin/../lib/gcc/arm-none-eabi/11.3.1/thumb/v7-m/nofp/crtn.o
OUTPUT(Stop_Watch.elf elf32-littlearm)
LOAD linker stubs
LOAD D:/programm/STM32CubeIDE_1.13.2/STM32CubeIDE/plugins/com.st.stm32cube.ide.mcu.externaltools.gnu-tools-for-stm32.11.3.rel1.win32_1.1.1.202309131626/tools/bin/../lib/gcc/arm-none-eabi/11.3.1/../../../../arm-none-eabi/lib/thumb/v7-m/nofp\libc.a
LOAD D:/programm/STM32CubeIDE_1.13.2/STM32CubeIDE/plugins/com.st.stm32cube.ide.mcu.externaltools.gnu-tools-for-stm32.11.3.rel1.win32_1.1.1.202309131626/tools/bin/../lib/gcc/arm-none-eabi/11.3.1/../../../../arm-none-eabi/lib/thumb/v7-m/nofp\libm.a
LOAD D:/programm/STM32CubeIDE_1.13.2/STM32CubeIDE/plugins/com.st.stm32cube.ide.mcu.externaltools.gnu-tools-for-stm32.11.3.rel1.win32_1.1.1.202309131626/tools/bin/../lib/gcc/arm-none-eabi/11.3.1/thumb/v7-m/nofp\libgcc.a

.comment        0x0000000000000000       0x43
 .comment       0x0000000000000000       0x43 D:/programm/STM32CubeIDE_1.13.2/STM32CubeIDE/plugins/com.st.stm32cube.ide.mcu.externaltools.gnu-tools-for-stm32.11.3.rel1.win32_1.1.1.202309131626/tools/bin/../lib/gcc/arm-none-eabi/11.3.1/thumb/v7-m/nofp/crtbegin.o
                                         0x44 (size before relaxing)
 .comment       0x0000000000000043       0x44 ./APP/Stop_Watch.o
 .comment       0x0000000000000043       0x44 ./HAL/KeyPad.o
 .comment       0x0000000000000043       0x44 ./HAL/LCD.o
 .comment       0x0000000000000043       0x44 ./HAL/Segment.o
 .comment       0x0000000000000043       0x44 ./Src/GPIO.o
 .comment       0x0000000000000043       0x44 ./Src/RCC.o
 .comment       0x0000000000000043       0x44 ./Src/Systick.o
 .comment       0x0000000000000043       0x44 ./Src/main.o

.debug_info     0x0000000000000000      0xff9
 .debug_info    0x0000000000000000      0x2a5 ./APP/Stop_Watch.o
 .debug_info    0x00000000000002a5      0x17a ./HAL/KeyPad.o
 .debug_info    0x000000000000041f      0x2c4 ./HAL/LCD.o
 .debug_info    0x00000000000006e3      0x184 ./HAL/Segment.o
 .debug_info    0x0000000000000867      0x2e6 ./Src/GPIO.o
 .debug_info    0x0000000000000b4d      0x18c ./Src/RCC.o
 .debug_info    0x0000000000000cd9      0x157 ./Src/Systick.o
 .debug_info    0x0000000000000e30      0x1a6 ./Src/main.o
 .debug_info    0x0000000000000fd6       0x23 ./Startup/startup_stm32f103c8tx.o

.debug_abbrev   0x0000000000000000      0x87d
 .debug_abbrev  0x0000000000000000      0x17c ./APP/Stop_Watch.o
 .debug_abbrev  0x000000000000017c       0xdc ./HAL/KeyPad.o
 .debug_abbrev  0x0000000000000258      0x156 ./HAL/LCD.o
 .debug_abbrev  0x00000000000003ae       0xd9 ./HAL/Segment.o
 .debug_abbrev  0x0000000000000487      0x103 ./Src/GPIO.o
 .debug_abbrev  0x000000000000058a       0xf2 ./Src/RCC.o
 .debug_abbrev  0x000000000000067c       0xf6 ./Src/Systick.o
 .debug_abbrev  0x0000000000000772       0xf9 ./Src/main.o
 .debug_abbrev  0x000000000000086b       0x12 ./Startup/startup_stm32f103c8tx.o

.debug_aranges  0x0000000000000000      0x218
 .debug_aranges
                0x0000000000000000       0x48 ./APP/Stop_Watch.o
 .debug_aranges
                0x0000000000000048       0x28 ./HAL/KeyPad.o
 .debug_aranges
                0x0000000000000070       0x60 ./HAL/LCD.o
 .debug_aranges
                0x00000000000000d0       0x38 ./HAL/Segment.o
 .debug_aranges
                0x0000000000000108       0x58 ./Src/GPIO.o
 .debug_aranges
                0x0000000000000160       0x28 ./Src/RCC.o
 .debug_aranges
                0x0000000000000188       0x48 ./Src/Systick.o
 .debug_aranges
                0x00000000000001d0       0x20 ./Src/main.o
 .debug_aranges
                0x00000000000001f0       0x28 ./Startup/startup_stm32f103c8tx.o

.debug_rnglists
                0x0000000000000000      0x173
 .debug_rnglists
                0x0000000000000000       0x34 ./APP/Stop_Watch.o
 .debug_rnglists
                0x0000000000000034       0x1a ./HAL/KeyPad.o
 .debug_rnglists
                0x000000000000004e       0x46 ./HAL/LCD.o
 .debug_rnglists
                0x0000000000000094       0x27 ./HAL/Segment.o
 .debug_rnglists
                0x00000000000000bb       0x40 ./Src/GPIO.o
 .debug_rnglists
                0x00000000000000fb       0x1a ./Src/RCC.o
 .debug_rnglists
                0x0000000000000115       0x32 ./Src/Systick.o
 .debug_rnglists
                0x0000000000000147       0x13 ./Src/main.o
 .debug_rnglists
                0x000000000000015a       0x19 ./Startup/startup_stm32f103c8tx.o

.debug_macro    0x0000000000000000     0x1894
 .debug_macro   0x0000000000000000       0x6f ./APP/Stop_Watch.o
 .debug_macro   0x000000000000006f      0xaa2 ./APP/Stop_Watch.o
 .debug_macro   0x0000000000000b11       0x2e ./APP/Stop_Watch.o
 .debug_macro   0x0000000000000b3f       0x3a ./APP/Stop_Watch.o
 .debug_macro   0x0000000000000b79       0xdc ./APP/Stop_Watch.o
 .debug_macro   0x0000000000000c55       0x4c ./APP/Stop_Watch.o
 .debug_macro   0x0000000000000ca1       0x2e ./APP/Stop_Watch.o
 .debug_macro   0x0000000000000ccf       0x40 ./APP/Stop_Watch.o
 .debug_macro   0x0000000000000d0f       0x3a ./APP/Stop_Watch.o
 .debug_macro   0x0000000000000d49       0x3a ./APP/Stop_Watch.o
 .debug_macro   0x0000000000000d83       0x41 ./HAL/KeyPad.o
 .debug_macro   0x0000000000000dc4       0xfb ./HAL/LCD.o
 .debug_macro   0x0000000000000ebf       0x28 ./HAL/LCD.o
 .debug_macro   0x0000000000000ee7       0x41 ./HAL/Segment.o
 .debug_macro   0x0000000000000f28       0x3a ./HAL/Segment.o
 .debug_macro   0x0000000000000f62       0x3b ./Src/GPIO.o
 .debug_macro   0x0000000000000f9d       0x9a ./Src/GPIO.o
 .debug_macro   0x0000000000001037       0x44 ./Src/RCC.o
 .debug_macro   0x000000000000107b       0x2e ./Src/RCC.o
 .debug_macro   0x00000000000010a9       0x3a ./Src/RCC.o
 .debug_macro   0x00000000000010e3       0x40 ./Src/RCC.o
 .debug_macro   0x0000000000001123       0x10 ./Src/RCC.o
 .debug_macro   0x0000000000001133       0xca ./Src/RCC.o
 .debug_macro   0x00000000000011fd       0x44 ./Src/Systick.o
 .debug_macro   0x0000000000001241       0x34 ./Src/Systick.o
 .debug_macro   0x0000000000001275       0x1c ./Src/Systick.o
 .debug_macro   0x0000000000001291       0x16 ./Src/Systick.o
 .debug_macro   0x00000000000012a7       0xf2 ./Src/main.o
 .debug_macro   0x0000000000001399       0x1c ./Src/main.o
 .debug_macro   0x00000000000013b5       0x52 ./Src/main.o
 .debug_macro   0x0000000000001407       0x40 ./Src/main.o
 .debug_macro   0x0000000000001447       0x22 ./Src/main.o
 .debug_macro   0x0000000000001469       0x8e ./Src/main.o
 .debug_macro   0x00000000000014f7       0x51 ./Src/main.o
 .debug_macro   0x0000000000001548      0x103 ./Src/main.o
 .debug_macro   0x000000000000164b       0x6a ./Src/main.o
 .debug_macro   0x00000000000016b5      0x1df ./Src/main.o

.debug_line     0x0000000000000000     0x14e8
 .debug_line    0x0000000000000000      0x2c1 ./APP/Stop_Watch.o
 .debug_line    0x00000000000002c1      0x12f ./HAL/KeyPad.o
 .debug_line    0x00000000000003f0      0x286 ./HAL/LCD.o
 .debug_line    0x0000000000000676      0x104 ./HAL/Segment.o
 .debug_line    0x000000000000077a      0x50a ./Src/GPIO.o
 .debug_line    0x0000000000000c84      0x126 ./Src/RCC.o
 .debug_line    0x0000000000000daa      0x159 ./Src/Systick.o
 .debug_line    0x0000000000000f03      0x56a ./Src/main.o
 .debug_line    0x000000000000146d       0x7b ./Startup/startup_stm32f103c8tx.o

.debug_str      0x0000000000000000     0x5698
 .debug_str     0x0000000000000000     0x36d4 ./APP/Stop_Watch.o
                                       0x3738 (size before relaxing)
 .debug_str     0x00000000000036d4       0x5b ./HAL/KeyPad.o
                                       0x337b (size before relaxing)
 .debug_str     0x000000000000372f      0x3ad ./HAL/LCD.o
                                       0x3710 (size before relaxing)
 .debug_str     0x0000000000003adc       0x44 ./HAL/Segment.o
                                       0x337c (size before relaxing)
 .debug_str     0x0000000000003b20      0x40d ./Src/GPIO.o
                                       0x3715 (size before relaxing)
 .debug_str     0x0000000000003f2d      0x3a6 ./Src/RCC.o
                                       0x33a3 (size before relaxing)
 .debug_str     0x00000000000042d3      0x151 ./Src/Systick.o
                                       0x323b (size before relaxing)
 .debug_str     0x0000000000004424     0x1245 ./Src/main.o
                                       0x4c68 (size before relaxing)
 .debug_str     0x0000000000005669       0x2f ./Startup/startup_stm32f103c8tx.o
                                         0x5b (size before relaxing)

.debug_frame    0x0000000000000000      0x5e0
 .debug_frame   0x0000000000000000       0xc0 ./APP/Stop_Watch.o
 .debug_frame   0x00000000000000c0       0x58 ./HAL/KeyPad.o
 .debug_frame   0x0000000000000118      0x14c ./HAL/LCD.o
 .debug_frame   0x0000000000000264       0xa0 ./HAL/Segment.o
 .debug_frame   0x0000000000000304      0x14c ./Src/GPIO.o
 .debug_frame   0x0000000000000450       0x58 ./Src/RCC.o
 .debug_frame   0x00000000000004a8       0xdc ./Src/Systick.o
 .debug_frame   0x0000000000000584       0x30 ./Src/main.o
 .debug_frame   0x00000000000005b4       0x2c D:/programm/STM32CubeIDE_1.13.2/STM32CubeIDE/plugins/com.st.stm32cube.ide.mcu.externaltools.gnu-tools-for-stm32.11.3.rel1.win32_1.1.1.202309131626/tools/bin/../lib/gcc/arm-none-eabi/11.3.1/../../../../arm-none-eabi/lib/thumb/v7-m/nofp\libc_nano.a(libc_a-init.o)

.debug_line_str
                0x0000000000000000       0x4f
 .debug_line_str
                0x0000000000000000       0x4f ./Startup/startup_stm32f103c8tx.o
                                         0x67 (size before relaxing)
