Archive member included to satisfy reference by file (symbol)

D:/programm/STM32CubeIDE_1.13.2/STM32CubeIDE/plugins/com.st.stm32cube.ide.mcu.externaltools.gnu-tools-for-stm32.11.3.rel1.win32_1.1.1.202309131626/tools/bin/../lib/gcc/arm-none-eabi/11.3.1/../../../../arm-none-eabi/lib/thumb/v7-m/nofp\libc_nano.a(libc_a-exit.o)
                              D:/programm/STM32CubeIDE_1.13.2/STM32CubeIDE/plugins/com.st.stm32cube.ide.mcu.externaltools.gnu-tools-for-stm32.11.3.rel1.win32_1.1.1.202309131626/tools/bin/../lib/gcc/arm-none-eabi/11.3.1/../../../../arm-none-eabi/lib/thumb/v7-m/nofp/crt0.o (exit)
D:/programm/STM32CubeIDE_1.13.2/STM32CubeIDE/plugins/com.st.stm32cube.ide.mcu.externaltools.gnu-tools-for-stm32.11.3.rel1.win32_1.1.1.202309131626/tools/bin/../lib/gcc/arm-none-eabi/11.3.1/../../../../arm-none-eabi/lib/thumb/v7-m/nofp\libc_nano.a(libc_a-findfp.o)
                              D:/programm/STM32CubeIDE_1.13.2/STM32CubeIDE/plugins/com.st.stm32cube.ide.mcu.externaltools.gnu-tools-for-stm32.11.3.rel1.win32_1.1.1.202309131626/tools/bin/../lib/gcc/arm-none-eabi/11.3.1/../../../../arm-none-eabi/lib/thumb/v7-m/nofp\libc_nano.a(libc_a-exit.o) (__stdio_exit_handler)
D:/programm/STM32CubeIDE_1.13.2/STM32CubeIDE/plugins/com.st.stm32cube.ide.mcu.externaltools.gnu-tools-for-stm32.11.3.rel1.win32_1.1.1.202309131626/tools/bin/../lib/gcc/arm-none-eabi/11.3.1/../../../../arm-none-eabi/lib/thumb/v7-m/nofp\libc_nano.a(libc_a-fwalk.o)
                              D:/programm/STM32CubeIDE_1.13.2/STM32CubeIDE/plugins/com.st.stm32cube.ide.mcu.externaltools.gnu-tools-for-stm32.11.3.rel1.win32_1.1.1.202309131626/tools/bin/../lib/gcc/arm-none-eabi/11.3.1/../../../../arm-none-eabi/lib/thumb/v7-m/nofp\libc_nano.a(libc_a-findfp.o) (_fwalk_sglue)
D:/programm/STM32CubeIDE_1.13.2/STM32CubeIDE/plugins/com.st.stm32cube.ide.mcu.externaltools.gnu-tools-for-stm32.11.3.rel1.win32_1.1.1.202309131626/tools/bin/../lib/gcc/arm-none-eabi/11.3.1/../../../../arm-none-eabi/lib/thumb/v7-m/nofp\libc_nano.a(libc_a-printf.o)
                              ./ROFA_RTOS/Inc/RTOS_FIFO.o (printf)
D:/programm/STM32CubeIDE_1.13.2/STM32CubeIDE/plugins/com.st.stm32cube.ide.mcu.externaltools.gnu-tools-for-stm32.11.3.rel1.win32_1.1.1.202309131626/tools/bin/../lib/gcc/arm-none-eabi/11.3.1/../../../../arm-none-eabi/lib/thumb/v7-m/nofp\libc_nano.a(libc_a-puts.o)
                              ./ROFA_RTOS/Inc/RTOS_FIFO.o (puts)
D:/programm/STM32CubeIDE_1.13.2/STM32CubeIDE/plugins/com.st.stm32cube.ide.mcu.externaltools.gnu-tools-for-stm32.11.3.rel1.win32_1.1.1.202309131626/tools/bin/../lib/gcc/arm-none-eabi/11.3.1/../../../../arm-none-eabi/lib/thumb/v7-m/nofp\libc_nano.a(libc_a-stdio.o)
                              D:/programm/STM32CubeIDE_1.13.2/STM32CubeIDE/plugins/com.st.stm32cube.ide.mcu.externaltools.gnu-tools-for-stm32.11.3.rel1.win32_1.1.1.202309131626/tools/bin/../lib/gcc/arm-none-eabi/11.3.1/../../../../arm-none-eabi/lib/thumb/v7-m/nofp\libc_nano.a(libc_a-findfp.o) (__sread)
D:/programm/STM32CubeIDE_1.13.2/STM32CubeIDE/plugins/com.st.stm32cube.ide.mcu.externaltools.gnu-tools-for-stm32.11.3.rel1.win32_1.1.1.202309131626/tools/bin/../lib/gcc/arm-none-eabi/11.3.1/../../../../arm-none-eabi/lib/thumb/v7-m/nofp\libc_nano.a(libc_a-wbuf.o)
                              D:/programm/STM32CubeIDE_1.13.2/STM32CubeIDE/plugins/com.st.stm32cube.ide.mcu.externaltools.gnu-tools-for-stm32.11.3.rel1.win32_1.1.1.202309131626/tools/bin/../lib/gcc/arm-none-eabi/11.3.1/../../../../arm-none-eabi/lib/thumb/v7-m/nofp\libc_nano.a(libc_a-puts.o) (__swbuf_r)
D:/programm/STM32CubeIDE_1.13.2/STM32CubeIDE/plugins/com.st.stm32cube.ide.mcu.externaltools.gnu-tools-for-stm32.11.3.rel1.win32_1.1.1.202309131626/tools/bin/../lib/gcc/arm-none-eabi/11.3.1/../../../../arm-none-eabi/lib/thumb/v7-m/nofp\libc_nano.a(libc_a-wsetup.o)
                              D:/programm/STM32CubeIDE_1.13.2/STM32CubeIDE/plugins/com.st.stm32cube.ide.mcu.externaltools.gnu-tools-for-stm32.11.3.rel1.win32_1.1.1.202309131626/tools/bin/../lib/gcc/arm-none-eabi/11.3.1/../../../../arm-none-eabi/lib/thumb/v7-m/nofp\libc_nano.a(libc_a-puts.o) (__swsetup_r)
D:/programm/STM32CubeIDE_1.13.2/STM32CubeIDE/plugins/com.st.stm32cube.ide.mcu.externaltools.gnu-tools-for-stm32.11.3.rel1.win32_1.1.1.202309131626/tools/bin/../lib/gcc/arm-none-eabi/11.3.1/../../../../arm-none-eabi/lib/thumb/v7-m/nofp\libc_nano.a(libc_a-memset.o)
                              D:/programm/STM32CubeIDE_1.13.2/STM32CubeIDE/plugins/com.st.stm32cube.ide.mcu.externaltools.gnu-tools-for-stm32.11.3.rel1.win32_1.1.1.202309131626/tools/bin/../lib/gcc/arm-none-eabi/11.3.1/../../../../arm-none-eabi/lib/thumb/v7-m/nofp/crt0.o (memset)
D:/programm/STM32CubeIDE_1.13.2/STM32CubeIDE/plugins/com.st.stm32cube.ide.mcu.externaltools.gnu-tools-for-stm32.11.3.rel1.win32_1.1.1.202309131626/tools/bin/../lib/gcc/arm-none-eabi/11.3.1/../../../../arm-none-eabi/lib/thumb/v7-m/nofp\libc_nano.a(libc_a-closer.o)
[...]
Memory Configuration

Name             Origin             Length             Attributes
RAM              0x0000000020000000 0x0000000000005000 xrw
FLASH            0x0000000008000000 0x0000000000010000 xr
*default*        0x0000000000000000 0xffffffffffffffff

Linker script and memory map

LOAD D:/programm/STM32CubeIDE_1.13.2/STM32CubeIDE/plugins/com.st.stm32cube.ide.mcu.externaltools.gnu-tools-for-stm32.11.3.rel1.win32_1.1.1.202309131626/tools/bin/../lib/gcc/arm-none-eabi/11.3.1/thumb/v7-m/nofp/crti.o
LOAD D:/programm/STM32CubeIDE_1.13.2/STM32CubeIDE/plugins/com.st.stm32cube.ide.mcu.externaltools.gnu-tools-for-stm32.11.3.rel1.win32_1.1.1.202309131626/tools/bin/../lib/gcc/arm-none-eabi/11.3.1/thumb/v7-m/nofp/crtbegin.o
LOAD D:/programm/STM32CubeIDE_1.13.2/STM32CubeIDE/plugins/com.st.stm32cube.ide.mcu.externaltools.gnu-tools-for-stm32.11.3.rel1.win32_1.1.1.202309131626/tools/bin/../lib/gcc/arm-none-eabi/11.3.1/../../../../arm-none-eabi/lib/thumb/v7-m/nofp/crt0.o
LOAD ./HAL/LCD.o
LOAD ./ROFA_RTOS/Inc/CortexMX_OS_Porting.o
LOAD ./ROFA_RTOS/Inc/RTOS_FIFO.o
LOAD ./ROFA_RTOS/Inc/Scheduler.o
LOAD ./Src/GPIO.o
LOAD ./Src/NVIC.o
LOAD ./Src/RCC.o
LOAD ./Src/main.o
LOAD ./Src/syscalls.o
LOAD ./Src/sysmem.o
LOAD ./Startup/startup_stm32f103c8tx.o
START GROUP
LOAD D:/programm/STM32CubeIDE_1.13.2/STM32CubeIDE/plugins/com.st.stm32cube.ide.mcu.externaltools.gnu-tools-for-stm32.11.3.rel1.win32_1.1.1.202309131626/tools/bin/../lib/gcc/arm-none-eabi/11.3.1/../../../../arm-none-eabi/lib/thumb/v7-m/nofp\libc_nano.a
LOAD D:/programm/STM32CubeIDE_1.13.2/STM32CubeIDE/plugins/com.st.stm32cube.ide.mcu.externaltools.gnu-tools-for-stm32.11.3.rel1.win32_1.1.1.202309131626/tools/bin/../lib/gcc/arm-none-eabi/11.3.1/../../../../arm-none-eabi/lib/thumb/v7-m/nofp\libm.a
END GROUP
START GROUP
LOAD D:/programm/STM32CubeIDE_1.13.2/STM32CubeIDE/plugins/com.st.stm32cube.ide.mcu.externaltools.gnu-tools-for-stm32.11.3.rel1.win32_1.1.1.202309131626/tools/bin/../lib/gcc/arm-none-eabi/11.3.1/thumb/v7-m/nofp\libgcc.a
LOAD D:/programm/STM32CubeIDE_1.13.2/STM32CubeIDE/plugins/com.st.stm32cube.ide.mcu.externaltools.gnu-tools-for-stm32.11.3.rel1.win32_1.1.1.202309131626/tools/bin/../lib/gcc/arm-none-eabi/11.3.1/../../../../arm-none-eabi/lib/thumb/v7-m/nofp\libc_nano.a
END GROUP
START GROUP
LOAD D:/programm/STM32CubeIDE_1.13.2/STM32CubeIDE/plugins/com.st.stm32cube.ide.mcu.externaltools.gnu-tools-for-stm32.11.3.rel1.win32_1.1.1.202309131626/tools/bin/../lib/gcc/arm-none-eabi/11.3.1/thumb/v7-m/nofp\libgcc.a
LOAD D:/programm/STM32CubeIDE_1.13.2/STM32CubeIDE/plugins/com.st.stm32cube.ide.mcu.externaltools.gnu-tools-for-stm32.11.3.rel1.win32_1.1.1.202309131626/tools/bin/../lib/gcc/arm-none-eabi/11.3.1/../../../../arm-none-eabi/lib/thumb/v7-m/nofp\libc_nano.a
LOAD D:/programm/STM32CubeIDE_1.13.2/STM32CubeIDE/plugins/com.st.stm32cube.ide.mcu.externaltools.gnu-tools-for-stm32.11.3.rel1.win32_1.1.1.202309131626/tools/bin/../lib/gcc/arm-none-eabi/11.3.1/../../../../arm-none-eabi/lib/thumb/v7-m/nofp\libnosys.a
END GROUP
START GROUP
LOAD D:/programm/STM32CubeIDE_1.13.2/STM32CubeIDE/plugins/com.st.stm32cube.ide.mcu.externaltools.gnu-tools-for-stm32.11.3.rel1.win32_1.1.1.202309131626/tools/bin/../lib/gcc/arm-none-eabi/11.3.1/thumb/v7-m/nofp\libgcc.a
LOAD D:/programm/STM32CubeIDE_1.13.2/STM32CubeIDE/plugins/com.st.stm32cube.ide.mcu.externaltools.gnu-tools-for-stm32.11.3.rel1.win32_1.1.1.202309131626/tools/bin/../lib/gcc/arm-none-eabi/11.3.1/../../../../arm-none-eabi/lib/thumb/v7-m/nofp\libc_nano.a
LOAD D:/programm/STM32CubeIDE_1.13.2/STM32CubeIDE/plugins/com.st.stm32cube.ide.mcu.externaltools.gnu-tools-for-stm32.11.3.rel1.win32_1.1.1.202309131626/tools/bin/../lib/gcc/arm-none-eabi/11.3.1/../../../../arm-none-eabi/lib/thumb/v7-m/nofp\libnosys.a
END GROUP
LOAD D:/programm/STM32CubeIDE_1.13.2/STM32CubeIDE/plugins/com.st.stm32cube.ide.mcu.externaltools.gnu-tools-for-stm32.11.3.rel1.win32_1.1.1.202309131626/tools/bin/../lib/gcc/arm-none-eabi/11.3.1/thumb/v7-m/nofp/crtend.o
LOAD D:/programm/STM32CubeIDE_1.13.2/STM32CubeIDE/plugins/com.st.stm32cube.ide.mcu.externaltools.gnu-tools-for-stm32.11.3.rel1.win32_1.1.1.202309131626/tools/bin/../lib/gcc/arm-none-eabi/11.3.1/thumb/v7-m/nofp/crtn.o
                0x0000000020005000                _estack = (ORIGIN (RAM) + LENGTH (RAM))
                0x0000000000000200                _Min_Heap_Size = 0x200
                0x0000000000000400                _Min_Stack_Size = 0x400

.isr_vector     0x0000000008000000      0x130
                0x0000000008000000                . = ALIGN (0x4)
 *(.isr_vector)
 .isr_vector    0x0000000008000000      0x130 ./Startup/startup_stm32f103c8tx.o
                0x0000000008000000                g_pfnVectors
                0x0000000008000130                . = ALIGN (0x4)

.text           0x0000000008000130      0x8f8
                0x0000000008000130                . = ALIGN (0x4)
 *(.text)
 .text          0x0000000008000130       0x40 D:/programm/STM32CubeIDE_1.13.2/STM32CubeIDE/plugins/com.st.stm32cube.ide.mcu.externaltools.gnu-tools-for-stm32.11.3.rel1.win32_1.1.1.202309131626/tools/bin/../lib/gcc/arm-none-eabi/11.3.1/thumb/v7-m/nofp/crtbegin.o
 .text          0x0000000008000170       0x14 D:/programm/STM32CubeIDE_1.13.2/STM32CubeIDE/plugins/com.st.stm32cube.ide.mcu.externaltools.gnu-tools-for-stm32.11.3.rel1.win32_1.1.1.202309131626/tools/bin/../lib/gcc/arm-none-eabi/11.3.1/../../../../arm-none-eabi/lib/thumb/v7-m/nofp\libc_nano.a(libc_a-strcmp.o)
                0x0000000008000170                strcmp
 *(.text*)
 .text.LCD_SendCommand
                0x0000000008000184       0x98 ./HAL/LCD.o
 .text.LCD_SendData
                0x000000000800021c       0x98 ./HAL/LCD.o
 .text.delay_ms
                0x00000000080002b4       0x22 ./HAL/LCD.o
                0x00000000080002b4                delay_ms
 .text.LCD_Init
                0x00000000080002d6       0x74 ./HAL/LCD.o
                0x00000000080002d6                LCD_Init
 .text.LCD_SendChar
                0x000000000800034a        0x4 ./HAL/LCD.o
                0x000000000800034a                LCD_SendChar
 .text.LCD_GoTo
                0x000000000800034e       0x24 ./HAL/LCD.o
                0x000000000800034e                LCD_GoTo
 .text.HardFault_Handler
                0x0000000008000372        0x2 ./ROFA_RTOS/Inc/CortexMX_OS_Porting.o
                0x0000000008000372                HardFault_Handler
 .text.MemManage_Handler
                0x0000000008000374        0x2 ./ROFA_RTOS/Inc/CortexMX_OS_Porting.o
                0x0000000008000374                MemManage_Handler
 .text.BusFault_Handler
                0x0000000008000376        0x2 ./ROFA_RTOS/Inc/CortexMX_OS_Porting.o
                0x0000000008000376                BusFault_Handler
 .text.UsageFault_Handler
                0x0000000008000378        0x2 ./ROFA_RTOS/Inc/CortexMX_OS_Porting.o
                0x0000000008000378                UsageFault_Handler
 .text.SVC_Handler
                0x000000000800037a       0x12 ./ROFA_RTOS/Inc/CortexMX_OS_Porting.o
                0x000000000800037a                SVC_Handler
 .text.trigger_OS_PendSV
                0x000000000800038c        0x2 ./ROFA_RTOS/Inc/CortexMX_OS_Porting.o
                0x000000000800038c                trigger_OS_PendSV
 *fill*         0x000000000800038e        0x2 
 .text.SysTick_Handler
                0x0000000008000390       0x1c ./ROFA_RTOS/Inc/CortexMX_OS_Porting.o
                0x0000000008000390                SysTick_Handler
 .text.FIFO_enqueue
                0x00000000080003ac       0x3e ./ROFA_RTOS/Inc/RTOS_FIFO.o
                0x00000000080003ac                FIFO_enqueue
 .text.FIFO_dequeue
                0x00000000080003ea       0x3c ./ROFA_RTOS/Inc/RTOS_FIFO.o
                0x00000000080003ea                FIFO_dequeue
 *fill*         0x0000000008000426        0x2 
 .text.PendSV_Handler
                0x0000000008000428       0xd4 ./ROFA_RTOS/Inc/Scheduler.o
                0x0000000008000428                PendSV_Handler
 .text.bubbleSort
                0x00000000080004fc       0x34 ./ROFA_RTOS/Inc/Scheduler.o
                0x00000000080004fc                bubbleSort
 .text.MyRTOS_Update_Schadule_tables
                0x0000000008000530       0x80 ./ROFA_RTOS/Inc/Scheduler.o
                0x0000000008000530                MyRTOS_Update_Schadule_tables
 .text.Decide_whatNext
                0x00000000080005b0       0x6c ./ROFA_RTOS/Inc/Scheduler.o
                0x00000000080005b0                Decide_whatNext
 .text.OS_SVC   0x000000000800061c       0x4c ./ROFA_RTOS/Inc/Scheduler.o
                0x000000000800061c                OS_SVC
 .text.MYRTOS_Update_TasksWaitingTime
                0x0000000008000668       0x40 ./ROFA_RTOS/Inc/Scheduler.o
                0x0000000008000668                MYRTOS_Update_TasksWaitingTime
 .text.GPIO_voidSetPinValue.part.0
                0x00000000080006a8       0x40 ./Src/GPIO.o
 .text.GPIO_voidSetPinDirection
                0x00000000080006e8       0xcc ./Src/GPIO.o
                0x00000000080006e8                GPIO_voidSetPinDirection
 .text.GPIO_voidSetPinValue
                0x00000000080007b4       0x44 ./Src/GPIO.o
                0x00000000080007b4                GPIO_voidSetPinValue
 .text.GPIO_u8GetPinValue
                0x00000000080007f8       0x34 ./Src/GPIO.o
                0x00000000080007f8                GPIO_u8GetPinValue
 .text.GPIO_voidTogglePinValue
                0x000000000800082c       0x28 ./Src/GPIO.o
                0x000000000800082c                GPIO_voidTogglePinValue
 .text.MRCC_voidInit
                0x0000000008000854       0x38 ./Src/RCC.o
                0x0000000008000854                MRCC_voidInit
 .text.MRCC_enumSetPeripheralClock
                0x000000000800088c       0xa0 ./Src/RCC.o
                0x000000000800088c                MRCC_enumSetPeripheralClock
 .text.startup.main
                0x000000000800092c       0x48 ./Src/main.o
                0x000000000800092c                main
 .text.Reset_Handler
                0x0000000008000974       0x50 ./Startup/startup_stm32f103c8tx.o
                0x0000000008000974                Reset_Handler
 .text.Default_Handler
                0x00000000080009c4        0x2 ./Startup/startup_stm32f103c8tx.o
                0x00000000080009c4                EXTI2_IRQHandler
                0x00000000080009c4                TIM8_TRG_COM_IRQHandler
                0x00000000080009c4                TIM8_CC_IRQHandler
                0x00000000080009c4                DebugMon_Handler
                0x00000000080009c4                TIM1_CC_IRQHandler
                0x00000000080009c4                TIM6_IRQHandler
                0x00000000080009c4                PVD_IRQHandler
                0x00000000080009c4                SDIO_IRQHandler
                0x00000000080009c4                NMI_Handler
                0x00000000080009c4                EXTI3_IRQHandler
                0x00000000080009c4                USB_HP_CAN_TX_IRQHandler
                0x00000000080009c4                EXTI0_IRQHandler
                0x00000000080009c4                I2C2_EV_IRQHandler
                0x00000000080009c4                ADC1_2_IRQHandler
                0x00000000080009c4                SPI1_IRQHandler
                0x00000000080009c4                CAN_SCE_IRQHandler
                0x00000000080009c4                TAMPER_IRQHandler
                0x00000000080009c4                TIM8_UP_IRQHandler
                0x00000000080009c4                DMA2_Channel2_IRQHandler
                0x00000000080009c4                DMA1_Channel4_IRQHandler
                0x00000000080009c4                USART3_IRQHandler
                0x00000000080009c4                RTC_IRQHandler
                0x00000000080009c4                DMA1_Channel7_IRQHandler
                0x00000000080009c4                UART5_IRQHandler
                0x00000000080009c4                ADC3_IRQHandler
                0x00000000080009c4                TIM4_IRQHandler
                0x00000000080009c4                CAN_RX1_IRQHandler
                0x00000000080009c4                DMA2_Channel1_IRQHandler
                0x00000000080009c4                I2C1_EV_IRQHandler
                0x00000000080009c4                DMA1_Channel6_IRQHandler
                0x00000000080009c4                UART4_IRQHandler
                0x00000000080009c4                TIM3_IRQHandler
                0x00000000080009c4                RCC_IRQHandler
                0x00000000080009c4                TIM1_TRG_COM_IRQHandler
                0x00000000080009c4                DMA1_Channel1_IRQHandler
                0x00000000080009c4                Default_Handler
                0x00000000080009c4                EXTI15_10_IRQHandler
                0x00000000080009c4                TIM7_IRQHandler
                0x00000000080009c4                TIM5_IRQHandler
                0x00000000080009c4                EXTI9_5_IRQHandler
                0x00000000080009c4                SPI2_IRQHandler
                0x00000000080009c4                USB_LP_CAN_RX0_IRQHandler
                0x00000000080009c4                DMA1_Channel5_IRQHandler
                0x00000000080009c4                EXTI4_IRQHandler
                0x00000000080009c4                DMA1_Channel3_IRQHandler
                0x00000000080009c4                FSMC_IRQHandler
                0x00000000080009c4                TIM1_UP_IRQHandler
                0x00000000080009c4                WWDG_IRQHandler
                0x00000000080009c4                TIM2_IRQHandler
                0x00000000080009c4                TIM1_BRK_IRQHandler
                0x00000000080009c4                EXTI1_IRQHandler
                0x00000000080009c4                RTCAlarm_IRQHandler
                0x00000000080009c4                DMA2_Channel4_5_IRQHandler
                0x00000000080009c4                USART2_IRQHandler
                0x00000000080009c4                I2C2_ER_IRQHandler
                0x00000000080009c4                DMA1_Channel2_IRQHandler
                0x00000000080009c4                TIM8_BRK_IRQHandler
                0x00000000080009c4                FLASH_IRQHandler
                0x00000000080009c4                USART1_IRQHandler
                0x00000000080009c4                SPI3_IRQHandler
                0x00000000080009c4                I2C1_ER_IRQHandler
                0x00000000080009c4                DMA2_Channel3_IRQHandler
 *fill*         0x00000000080009c6        0x2 
 .text.__libc_init_array
                0x00000000080009c8       0x48 D:/programm/STM32CubeIDE_1.13.2/STM32CubeIDE/plugins/com.st.stm32cube.ide.mcu.externaltools.gnu-tools-for-stm32.11.3.rel1.win32_1.1.1.202309131626/tools/bin/../lib/gcc/arm-none-eabi/11.3.1/../../../../arm-none-eabi/lib/thumb/v7-m/nofp\libc_nano.a(libc_a-init.o)
                0x00000000080009c8                __libc_init_array
 *(.glue_7)
 .glue_7        0x0000000008000a10        0x0 linker stubs
 *(.glue_7t)
 .glue_7t       0x0000000008000a10        0x0 linker stubs
 *(.eh_frame)
 .eh_frame      0x0000000008000a10        0x0 D:/programm/STM32CubeIDE_1.13.2/STM32CubeIDE/plugins/com.st.stm32cube.ide.mcu.externaltools.gnu-tools-for-stm32.11.3.rel1.win32_1.1.1.202309131626/tools/bin/../lib/gcc/arm-none-eabi/11.3.1/thumb/v7-m/nofp/crtbegin.o
 *(.init)
 .init          0x0000000008000a10        0x4 D:/programm/STM32CubeIDE_1.13.2/STM32CubeIDE/plugins/com.st.stm32cube.ide.mcu.externaltools.gnu-tools-for-stm32.11.3.rel1.win32_1.1.1.202309131626/tools/bin/../lib/gcc/arm-none-eabi/11.3.1/thumb/v7-m/nofp/crti.o
                0x0000000008000a10                _init
 .init          0x0000000008000a14        0x8 D:/programm/STM32CubeIDE_1.13.2/STM32CubeIDE/plugins/com.st.stm32cube.ide.mcu.externaltools.gnu-tools-for-stm32.11.3.rel1.win32_1.1.1.202309131626/tools/bin/../lib/gcc/arm-none-eabi/11.3.1/thumb/v7-m/nofp/crtn.o
 *(.fini)
 .fini          0x0000000008000a1c        0x4 D:/programm/STM32CubeIDE_1.13.2/STM32CubeIDE/plugins/com.st.stm32cube.ide.mcu.externaltools.gnu-tools-for-stm32.11.3.rel1.win32_1.1.1.202309131626/tools/bin/../lib/gcc/arm-none-eabi/11.3.1/thumb/v7-m/nofp/crti.o
                0x0000000008000a1c                _fini
 .fini          0x0000000008000a20        0x8 D:/programm/STM32CubeIDE_1.13.2/STM32CubeIDE/plugins/com.st.stm32cube.ide.mcu.externaltools.gnu-tools-for-stm32.11.3.rel1.win32_1.1.1.202309131626/tools/bin/../lib/gcc/arm-none-eabi/11.3.1/thumb/v7-m/nofp/crtn.o
                0x0000000008000a28                . = ALIGN (0x4)
                0x0000000008000a28                _etext = .

.vfp11_veneer   0x0000000008000a28        0x0
 .vfp11_veneer  0x0000000008000a28        0x0 linker stubs

.v4_bx          0x0000000008000a28        0x0
 .v4_bx         0x0000000008000a28        0x0 linker stubs

.iplt           0x0000000008000a28        0x0
 .iplt          0x0000000008000a28        0x0 D:/programm/STM32CubeIDE_1.13.2/STM32CubeIDE/plugins/com.st.stm32cube.ide.mcu.externaltools.gnu-tools-for-stm32.11.3.rel1.win32_1.1.1.202309131626/tools/bin/../lib/gcc/arm-none-eabi/11.3.1/thumb/v7-m/nofp/crtbegin.o

.rodata         0x0000000008000a28        0xc
                0x0000000008000a28                . = ALIGN (0x4)
 *(.rodata)
 *(.rodata*)
 .rodata.MYRTOS_init.str1.1
                0x0000000008000a28        0x9 ./ROFA_RTOS/Inc/Scheduler.o
                0x0000000008000a34                . = ALIGN (0x4)
 *fill*         0x0000000008000a31        0x3 

.rel.dyn        0x0000000008000a34        0x0
 .rel.iplt      0x0000000008000a34        0x0 D:/programm/STM32CubeIDE_1.13.2/STM32CubeIDE/plugins/com.st.stm32cube.ide.mcu.externaltools.gnu-tools-for-stm32.11.3.rel1.win32_1.1.1.202309131626/tools/bin/../lib/gcc/arm-none-eabi/11.3.1/thumb/v7-m/nofp/crtbegin.o

.ARM.extab      0x0000000008000a34        0x0
                0x0000000008000a34                . = ALIGN (0x4)
 *(.ARM.extab* .gnu.linkonce.armextab.*)
                0x0000000008000a34                . = ALIGN (0x4)

.ARM            0x0000000008000a34        0x0
                0x0000000008000a34                . = ALIGN (0x4)
                0x0000000008000a34                __exidx_start = .
 *(.ARM.exidx*)
                0x0000000008000a34                __exidx_end = .
                0x0000000008000a34                . = ALIGN (0x4)

.preinit_array  0x0000000008000a34        0x0
                0x0000000008000a34                . = ALIGN (0x4)
                0x0000000008000a34                PROVIDE (__preinit_array_start = .)
 *(.preinit_array*)
                0x0000000008000a34                PROVIDE (__preinit_array_end = .)
                0x0000000008000a34                . = ALIGN (0x4)

.init_array     0x0000000008000a34        0x4
                0x0000000008000a34                . = ALIGN (0x4)
                0x0000000008000a34                PROVIDE (__init_array_start = .)
 *(SORT_BY_NAME(.init_array.*))
 *(.init_array*)
 .init_array    0x0000000008000a34        0x4 D:/programm/STM32CubeIDE_1.13.2/STM32CubeIDE/plugins/com.st.stm32cube.ide.mcu.externaltools.gnu-tools-for-stm32.11.3.rel1.win32_1.1.1.202309131626/tools/bin/../lib/gcc/arm-none-eabi/11.3.1/thumb/v7-m/nofp/crtbegin.o
                0x0000000008000a38                PROVIDE (__init_array_end = .)
                0x0000000008000a38                . = ALIGN (0x4)

.fini_array     0x0000000008000a38        0x4
                0x0000000008000a38                . = ALIGN (0x4)
                [!provide]                        PROVIDE (__fini_array_start = .)
 *(SORT_BY_NAME(.fini_array.*))
 *(.fini_array*)
 .fini_array    0x0000000008000a38        0x4 D:/programm/STM32CubeIDE_1.13.2/STM32CubeIDE/plugins/com.st.stm32cube.ide.mcu.externaltools.gnu-tools-for-stm32.11.3.rel1.win32_1.1.1.202309131626/tools/bin/../lib/gcc/arm-none-eabi/11.3.1/thumb/v7-m/nofp/crtbegin.o
                [!provide]                        PROVIDE (__fini_array_end = .)
                0x0000000008000a3c                . = ALIGN (0x4)
                0x0000000008000a3c                _sidata = LOADADDR (.data)

.data           0x0000000020000000        0x0 load address 0x0000000008000a3c
                0x0000000020000000                . = ALIGN (0x4)
                0x0000000020000000                _sdata = .
 *(.data)
 *(.data*)
 *(.RamFunc)
 *(.RamFunc*)
                0x0000000020000000                . = ALIGN (0x4)
                0x0000000020000000                _edata = .

.igot.plt       0x0000000020000000        0x0 load address 0x0000000008000a3c
 .igot.plt      0x0000000020000000        0x0 D:/programm/STM32CubeIDE_1.13.2/STM32CubeIDE/plugins/com.st.stm32cube.ide.mcu.externaltools.gnu-tools-for-stm32.11.3.rel1.win32_1.1.1.202309131626/tools/bin/../lib/gcc/arm-none-eabi/11.3.1/thumb/v7-m/nofp/crtbegin.o
                0x0000000020000000                . = ALIGN (0x4)

.bss            0x0000000020000000      0x1e0 load address 0x0000000008000a3c
                0x0000000020000000                _sbss = .
                0x0000000020000000                __bss_start__ = _sbss
 *(.bss)
 .bss           0x0000000020000000       0x1c D:/programm/STM32CubeIDE_1.13.2/STM32CubeIDE/plugins/com.st.stm32cube.ide.mcu.externaltools.gnu-tools-for-stm32.11.3.rel1.win32_1.1.1.202309131626/tools/bin/../lib/gcc/arm-none-eabi/11.3.1/thumb/v7-m/nofp/crtbegin.o
 *(.bss*)
 .bss.SysTickLED
                0x000000002000001c        0x1 ./ROFA_RTOS/Inc/CortexMX_OS_Porting.o
                0x000000002000001c                SysTickLED
 *fill*         0x000000002000001d        0x3 
 .bss.OS_Control
                0x0000000020000020      0x1ac ./ROFA_RTOS/Inc/Scheduler.o
                0x0000000020000020                OS_Control
 .bss.Ready_QUEUE
                0x00000000200001cc       0x14 ./ROFA_RTOS/Inc/Scheduler.o
                0x00000000200001cc                Ready_QUEUE
 *(COMMON)
                0x00000000200001e0                . = ALIGN (0x4)
                0x00000000200001e0                _ebss = .
                0x00000000200001e0                __bss_end__ = _ebss

._user_heap_stack
                0x00000000200001e0      0x600 load address 0x0000000008000a3c
                0x00000000200001e0                . = ALIGN (0x8)
                [!provide]                        PROVIDE (end = .)
                0x00000000200001e0                PROVIDE (_end = .)
                0x00000000200003e0                . = (. + _Min_Heap_Size)
 *fill*         0x00000000200001e0      0x200 
                0x00000000200007e0                . = (. + _Min_Stack_Size)
 *fill*         0x00000000200003e0      0x400 
                0x00000000200007e0                . = ALIGN (0x8)

/DISCARD/
 libc.a(*)
 libm.a(*)
 libgcc.a(*)

.ARM.attributes
                0x0000000000000000       0x29
 *(.ARM.attributes)
 .ARM.attributes
                0x0000000000000000       0x1d D:/programm/STM32CubeIDE_1.13.2/STM32CubeIDE/plugins/com.st.stm32cube.ide.mcu.externaltools.gnu-tools-for-stm32.11.3.rel1.win32_1.1.1.202309131626/tools/bin/../lib/gcc/arm-none-eabi/11.3.1/thumb/v7-m/nofp/crti.o
 .ARM.attributes
                0x000000000000001d       0x2d D:/programm/STM32CubeIDE_1.13.2/STM32CubeIDE/plugins/com.st.stm32cube.ide.mcu.externaltools.gnu-tools-for-stm32.11.3.rel1.win32_1.1.1.202309131626/tools/bin/../lib/gcc/arm-none-eabi/11.3.1/thumb/v7-m/nofp/crtbegin.o
 .ARM.attributes
                0x000000000000004a       0x2d ./HAL/LCD.o
 .ARM.attributes
                0x0000000000000077       0x2d ./ROFA_RTOS/Inc/CortexMX_OS_Porting.o
 .ARM.attributes
                0x00000000000000a4       0x2d ./ROFA_RTOS/Inc/RTOS_FIFO.o
 .ARM.attributes
                0x00000000000000d1       0x2d ./ROFA_RTOS/Inc/Scheduler.o
 .ARM.attributes
                0x00000000000000fe       0x2d ./Src/GPIO.o
 .ARM.attributes
                0x000000000000012b       0x2d ./Src/RCC.o
 .ARM.attributes
                0x0000000000000158       0x2d ./Src/main.o
 .ARM.attributes
                0x0000000000000185       0x21 ./Startup/startup_stm32f103c8tx.o
 .ARM.attributes
                0x00000000000001a6       0x2d D:/programm/STM32CubeIDE_1.13.2/STM32CubeIDE/plugins/com.st.stm32cube.ide.mcu.externaltools.gnu-tools-for-stm32.11.3.rel1.win32_1.1.1.202309131626/tools/bin/../lib/gcc/arm-none-eabi/11.3.1/../../../../arm-none-eabi/lib/thumb/v7-m/nofp\libc_nano.a(libc_a-init.o)
 .ARM.attributes
                0x00000000000001d3       0x1b D:/programm/STM32CubeIDE_1.13.2/STM32CubeIDE/plugins/com.st.stm32cube.ide.mcu.externaltools.gnu-tools-for-stm32.11.3.rel1.win32_1.1.1.202309131626/tools/bin/../lib/gcc/arm-none-eabi/11.3.1/../../../../arm-none-eabi/lib/thumb/v7-m/nofp\libc_nano.a(libc_a-strcmp.o)
 .ARM.attributes
                0x00000000000001ee       0x1d D:/programm/STM32CubeIDE_1.13.2/STM32CubeIDE/plugins/com.st.stm32cube.ide.mcu.externaltools.gnu-tools-for-stm32.11.3.rel1.win32_1.1.1.202309131626/tools/bin/../lib/gcc/arm-none-eabi/11.3.1/thumb/v7-m/nofp/crtn.o
OUTPUT(GPIO.axf elf32-littlearm)
LOAD linker stubs
LOAD D:/programm/STM32CubeIDE_1.13.2/STM32CubeIDE/plugins/com.st.stm32cube.ide.mcu.externaltools.gnu-tools-for-stm32.11.3.rel1.win32_1.1.1.202309131626/tools/bin/../lib/gcc/arm-none-eabi/11.3.1/../../../../arm-none-eabi/lib/thumb/v7-m/nofp\libc.a
LOAD D:/programm/STM32CubeIDE_1.13.2/STM32CubeIDE/plugins/com.st.stm32cube.ide.mcu.externaltools.gnu-tools-for-stm32.11.3.rel1.win32_1.1.1.202309131626/tools/bin/../lib/gcc/arm-none-eabi/11.3.1/../../../../arm-none-eabi/lib/thumb/v7-m/nofp\libm.a
LOAD D:/programm/STM32CubeIDE_1.13.2/STM32CubeIDE/plugins/com.st.stm32cube.ide.mcu.externaltools.gnu-tools-for-stm32.11.3.rel1.win32_1.1.1.202309131626/tools/bin/../lib/gcc/arm-none-eabi/11.3.1/thumb/v7-m/nofp\libgcc.a

.comment        0x0000000000000000       0x43
 .comment       0x0000000000000000       0x43 D:/programm/STM32CubeIDE_1.13.2/STM32CubeIDE/plugins/com.st.stm32cube.ide.mcu.externaltools.gnu-tools-for-stm32.11.3.rel1.win32_1.1.1.202309131626/tools/bin/../lib/gcc/arm-none-eabi/11.3.1/thumb/v7-m/nofp/crtbegin.o
                                         0x44 (size before relaxing)
 .comment       0x0000000000000043       0x44 ./HAL/LCD.o
 .comment       0x0000000000000043       0x44 ./ROFA_RTOS/Inc/CortexMX_OS_Porting.o
 .comment       0x0000000000000043       0x44 ./ROFA_RTOS/Inc/RTOS_FIFO.o
 .comment       0x0000000000000043       0x44 ./ROFA_RTOS/Inc/Scheduler.o
 .comment       0x0000000000000043       0x44 ./Src/GPIO.o
 .comment       0x0000000000000043       0x44 ./Src/RCC.o
 .comment       0x0000000000000043       0x44 ./Src/main.o

.debug_frame    0x0000000000000000       0x4c
 .debug_frame   0x0000000000000000       0x2c D:/programm/STM32CubeIDE_1.13.2/STM32CubeIDE/plugins/com.st.stm32cube.ide.mcu.externaltools.gnu-tools-for-stm32.11.3.rel1.win32_1.1.1.202309131626/tools/bin/../lib/gcc/arm-none-eabi/11.3.1/../../../../arm-none-eabi/lib/thumb/v7-m/nofp\libc_nano.a(libc_a-init.o)
 .debug_frame   0x000000000000002c       0x20 D:/programm/STM32CubeIDE_1.13.2/STM32CubeIDE/plugins/com.st.stm32cube.ide.mcu.externaltools.gnu-tools-for-stm32.11.3.rel1.win32_1.1.1.202309131626/tools/bin/../lib/gcc/arm-none-eabi/11.3.1/../../../../arm-none-eabi/lib/thumb/v7-m/nofp\libc_nano.a(libc_a-strcmp.o)
