Archive member included to satisfy reference by file (symbol)

D:/programm/STM32CubeIDE_1.13.2/STM32CubeIDE/plugins/com.st.stm32cube.ide.mcu.externaltools.gnu-tools-for-stm32.11.3.rel1.win32_1.1.1.202309131626/tools/bin/../lib/gcc/arm-none-eabi/11.3.1/../../../../arm-none-eabi/lib/thumb/v7-m/nofp\libc_nano.a(libc_a-exit.o)
                              D:/programm/STM32CubeIDE_1.13.2/STM32CubeIDE/plugins/com.st.stm32cube.ide.mcu.externaltools.gnu-tools-for-stm32.11.3.rel1.win32_1.1.1.202309131626/tools/bin/../lib/gcc/arm-none-eabi/11.3.1/../../../../arm-none-eabi/lib/thumb/v7-m/nofp/crt0.o (exit)
D:/programm/STM32CubeIDE_1.13.2/STM32CubeIDE/plugins/com.st.stm32cube.ide.mcu.externaltools.gnu-tools-for-stm32.11.3.rel1.win32_1.1.1.202309131626/tools/bin/../lib/gcc/arm-none-eabi/11.3.1/../../../../arm-none-eabi/lib/thumb/v7-m/nofp\libc_nano.a(libc_a-findfp.o)
                              D:/programm/STM32CubeIDE_1.13.2/STM32CubeIDE/plugins/com.st.stm32cube.ide.mcu.externaltools.gnu-tools-for-stm32.11.3.rel1.win32_1.1.1.202309131626/tools/bin/../lib/gcc/arm-none-eabi/11.3.1/../../../../arm-none-eabi/lib/thumb/v7-m/nofp\libc_nano.a(libc_a-exit.o) (__stdio_exit_handler)
D:/programm/STM32CubeIDE_1.13.2/STM32CubeIDE/plugins/com.st.stm32cube.ide.mcu.externaltools.gnu-tools-for-stm32.11.3.rel1.win32_1.1.1.202309131626/tools/bin/../lib/gcc/arm-none-eabi/11.3.1/../../../../arm-none-eabi/lib/thumb/v7-m/nofp\libc_nano.a(libc_a-fwalk.o)
                              D:/programm/STM32CubeIDE_1.13.2/STM32CubeIDE/plugins/com.st.stm32cube.ide.mcu.externaltools.gnu-tools-for-stm32.11.3.rel1.win32_1.1.1.202309131626/tools/bin/../lib/gcc/arm-none-eabi/11.3.1/../../../../arm-none-eabi/lib/thumb/v7-m/nofp\libc_nano.a(libc_a-findfp.o) (_fwalk_sglue)
D:/programm/STM32CubeIDE_1.13.2/STM32CubeIDE/plugins/com.st.stm32cube.ide.mcu.externaltools.gnu-tools-for-stm32.11.3.rel1.win32_1.1.1.202309131626/tools/bin/../lib/gcc/arm-none-eabi/11.3.1/../../../../arm-none-eabi/lib/thumb/v7-m/nofp\libc_nano.a(libc_a-stdio.o)
                              D:/programm/STM32CubeIDE_1.13.2/STM32CubeIDE/plugins/com.st.stm32cube.ide.mcu.externaltools.gnu-tools-for-stm32.11.3.rel1.win32_1.1.1.202309131626/tools/bin/../lib/gcc/arm-none-eabi/11.3.1/../../../../arm-none-eabi/lib/thumb/v7-m/nofp\libc_nano.a(libc_a-findfp.o) (__sread)
D:/programm/STM32CubeIDE_1.13.2/STM32CubeIDE/plugins/com.st.stm32cube.ide.mcu.externaltools.gnu-tools-for-stm32.11.3.rel1.win32_1.1.1.202309131626/tools/bin/../lib/gcc/arm-none-eabi/11.3.1/../../../../arm-none-eabi/lib/thumb/v7-m/nofp\libc_nano.a(libc_a-memset.o)
                              D:/programm/STM32CubeIDE_1.13.2/STM32CubeIDE/plugins/com.st.stm32cube.ide.mcu.externaltools.gnu-tools-for-stm32.11.3.rel1.win32_1.1.1.202309131626/tools/bin/../lib/gcc/arm-none-eabi/11.3.1/../../../../arm-none-eabi/lib/thumb/v7-m/nofp/crt0.o (memset)
D:/programm/STM32CubeIDE_1.13.2/STM32CubeIDE/plugins/com.st.stm32cube.ide.mcu.externaltools.gnu-tools-for-stm32.11.3.rel1.win32_1.1.1.202309131626/tools/bin/../lib/gcc/arm-none-eabi/11.3.1/../../../../arm-none-eabi/lib/thumb/v7-m/nofp\libc_nano.a(libc_a-closer.o)
                              D:/programm/STM32CubeIDE_1.13.2/STM32CubeIDE/plugins/com.st.stm32cube.ide.mcu.externaltools.gnu-tools-for-stm32.11.3.rel1.win32_1.1.1.202309131626/tools/bin/../lib/gcc/arm-none-eabi/11.3.1/../../../../arm-none-eabi/lib/thumb/v7-m/nofp\libc_nano.a(libc_a-stdio.o) (_close_r)
D:/programm/STM32CubeIDE_1.13.2/STM32CubeIDE/plugins/com.st.stm32cube.ide.mcu.externaltools.gnu-tools-for-stm32.11.3.rel1.win32_1.1.1.202309131626/tools/bin/../lib/gcc/arm-none-eabi/11.3.1/../../../../arm-none-eabi/lib/thumb/v7-m/nofp\libc_nano.a(libc_a-reent.o)
                              D:/programm/STM32CubeIDE_1.13.2/STM32CubeIDE/plugins/com.st.stm32cube.ide.mcu.externaltools.gnu-tools-for-stm32.11.3.rel1.win32_1.1.1.202309131626/tools/bin/../lib/gcc/arm-none-eabi/11.3.1/../../../../arm-none-eabi/lib/thumb/v7-m/nofp\libc_nano.a(libc_a-closer.o) (errno)
D:/programm/STM32CubeIDE_1.13.2/STM32CubeIDE/plugins/com.st.stm32cube.ide.mcu.externaltools.gnu-tools-for-stm32.11.3.rel1.win32_1.1.1.202309131626/tools/bin/../lib/gcc/arm-none-eabi/11.3.1/../../../../arm-none-eabi/lib/thumb/v7-m/nofp\libc_nano.a(libc_a-impure.o)
                              D:/programm/STM32CubeIDE_1.13.2/STM32CubeIDE/plugins/com.st.stm32cube.ide.mcu.externaltools.gnu-tools-for-stm32.11.3.rel1.win32_1.1.1.202309131626/tools/bin/../lib/gcc/arm-none-eabi/11.3.1/../../../../arm-none-eabi/lib/thumb/v7-m/nofp\libc_nano.a(libc_a-reent.o) (_impure_ptr)
D:/programm/STM32CubeIDE_1.13.2/STM32CubeIDE/plugins/com.st.stm32cube.ide.mcu.externaltools.gnu-tools-for-stm32.11.3.rel1.win32_1.1.1.202309131626/tools/bin/../lib/gcc/arm-none-eabi/11.3.1/../../../../arm-none-eabi/lib/thumb/v7-m/nofp\libc_nano.a(libc_a-lseekr.o)
[...]
Memory Configuration

Name             Origin             Length             Attributes
RAM              0x0000000020000000 0x0000000000005000 xrw
FLASH            0x0000000008000000 0x0000000000010000 xr
*default*        0x0000000000000000 0xffffffffffffffff

Linker script and memory map

LOAD D:/programm/STM32CubeIDE_1.13.2/STM32CubeIDE/plugins/com.st.stm32cube.ide.mcu.externaltools.gnu-tools-for-stm32.11.3.rel1.win32_1.1.1.202309131626/tools/bin/../lib/gcc/arm-none-eabi/11.3.1/thumb/v7-m/nofp/crti.o
LOAD D:/programm/STM32CubeIDE_1.13.2/STM32CubeIDE/plugins/com.st.stm32cube.ide.mcu.externaltools.gnu-tools-for-stm32.11.3.rel1.win32_1.1.1.202309131626/tools/bin/../lib/gcc/arm-none-eabi/11.3.1/thumb/v7-m/nofp/crtbegin.o
LOAD D:/programm/STM32CubeIDE_1.13.2/STM32CubeIDE/plugins/com.st.stm32cube.ide.mcu.externaltools.gnu-tools-for-stm32.11.3.rel1.win32_1.1.1.202309131626/tools/bin/../lib/gcc/arm-none-eabi/11.3.1/../../../../arm-none-eabi/lib/thumb/v7-m/nofp/crt0.o
LOAD ./Src/GPIO.o
LOAD ./Src/NVIC.o
LOAD ./Src/RCC.o
LOAD ./Src/Systick.o
LOAD ./Src/main.o
LOAD ./Src/syscalls.o
LOAD ./Src/sysmem.o
LOAD ./Startup/startup_stm32f103c8tx.o
START GROUP
LOAD D:/programm/STM32CubeIDE_1.13.2/STM32CubeIDE/plugins/com.st.stm32cube.ide.mcu.externaltools.gnu-tools-for-stm32.11.3.rel1.win32_1.1.1.202309131626/tools/bin/../lib/gcc/arm-none-eabi/11.3.1/../../../../arm-none-eabi/lib/thumb/v7-m/nofp\libc_nano.a
LOAD D:/programm/STM32CubeIDE_1.13.2/STM32CubeIDE/plugins/com.st.stm32cube.ide.mcu.externaltools.gnu-tools-for-stm32.11.3.rel1.win32_1.1.1.202309131626/tools/bin/../lib/gcc/arm-none-eabi/11.3.1/../../../../arm-none-eabi/lib/thumb/v7-m/nofp\libm.a
END GROUP
START GROUP
LOAD D:/programm/STM32CubeIDE_1.13.2/STM32CubeIDE/plugins/com.st.stm32cube.ide.mcu.externaltools.gnu-tools-for-stm32.11.3.rel1.win32_1.1.1.202309131626/tools/bin/../lib/gcc/arm-none-eabi/11.3.1/thumb/v7-m/nofp\libgcc.a
LOAD D:/programm/STM32CubeIDE_1.13.2/STM32CubeIDE/plugins/com.st.stm32cube.ide.mcu.externaltools.gnu-tools-for-stm32.11.3.rel1.win32_1.1.1.202309131626/tools/bin/../lib/gcc/arm-none-eabi/11.3.1/../../../../arm-none-eabi/lib/thumb/v7-m/nofp\libc_nano.a
END GROUP
START GROUP
LOAD D:/programm/STM32CubeIDE_1.13.2/STM32CubeIDE/plugins/com.st.stm32cube.ide.mcu.externaltools.gnu-tools-for-stm32.11.3.rel1.win32_1.1.1.202309131626/tools/bin/../lib/gcc/arm-none-eabi/11.3.1/thumb/v7-m/nofp\libgcc.a
LOAD D:/programm/STM32CubeIDE_1.13.2/STM32CubeIDE/plugins/com.st.stm32cube.ide.mcu.externaltools.gnu-tools-for-stm32.11.3.rel1.win32_1.1.1.202309131626/tools/bin/../lib/gcc/arm-none-eabi/11.3.1/../../../../arm-none-eabi/lib/thumb/v7-m/nofp\libc_nano.a
LOAD D:/programm/STM32CubeIDE_1.13.2/STM32CubeIDE/plugins/com.st.stm32cube.ide.mcu.externaltools.gnu-tools-for-stm32.11.3.rel1.win32_1.1.1.202309131626/tools/bin/../lib/gcc/arm-none-eabi/11.3.1/../../../../arm-none-eabi/lib/thumb/v7-m/nofp\libnosys.a
END GROUP
START GROUP
LOAD D:/programm/STM32CubeIDE_1.13.2/STM32CubeIDE/plugins/com.st.stm32cube.ide.mcu.externaltools.gnu-tools-for-stm32.11.3.rel1.win32_1.1.1.202309131626/tools/bin/../lib/gcc/arm-none-eabi/11.3.1/thumb/v7-m/nofp\libgcc.a
LOAD D:/programm/STM32CubeIDE_1.13.2/STM32CubeIDE/plugins/com.st.stm32cube.ide.mcu.externaltools.gnu-tools-for-stm32.11.3.rel1.win32_1.1.1.202309131626/tools/bin/../lib/gcc/arm-none-eabi/11.3.1/../../../../arm-none-eabi/lib/thumb/v7-m/nofp\libc_nano.a
LOAD D:/programm/STM32CubeIDE_1.13.2/STM32CubeIDE/plugins/com.st.stm32cube.ide.mcu.externaltools.gnu-tools-for-stm32.11.3.rel1.win32_1.1.1.202309131626/tools/bin/../lib/gcc/arm-none-eabi/11.3.1/../../../../arm-none-eabi/lib/thumb/v7-m/nofp\libnosys.a
END GROUP
LOAD D:/programm/STM32CubeIDE_1.13.2/STM32CubeIDE/plugins/com.st.stm32cube.ide.mcu.externaltools.gnu-tools-for-stm32.11.3.rel1.win32_1.1.1.202309131626/tools/bin/../lib/gcc/arm-none-eabi/11.3.1/thumb/v7-m/nofp/crtend.o
LOAD D:/programm/STM32CubeIDE_1.13.2/STM32CubeIDE/plugins/com.st.stm32cube.ide.mcu.externaltools.gnu-tools-for-stm32.11.3.rel1.win32_1.1.1.202309131626/tools/bin/../lib/gcc/arm-none-eabi/11.3.1/thumb/v7-m/nofp/crtn.o
                0x0000000020005000                _estack = (ORIGIN (RAM) + LENGTH (RAM))
                0x0000000000000200                _Min_Heap_Size = 0x200
                0x0000000000000400                _Min_Stack_Size = 0x400

.isr_vector     0x0000000008000000      0x130
                0x0000000008000000                . = ALIGN (0x4)
 *(.isr_vector)
 .isr_vector    0x0000000008000000      0x130 ./Startup/startup_stm32f103c8tx.o
                0x0000000008000000                g_pfnVectors
                0x0000000008000130                . = ALIGN (0x4)

.text           0x0000000008000130      0x118
                0x0000000008000130                . = ALIGN (0x4)
 *(.text)
 .text          0x0000000008000130       0x40 D:/programm/STM32CubeIDE_1.13.2/STM32CubeIDE/plugins/com.st.stm32cube.ide.mcu.externaltools.gnu-tools-for-stm32.11.3.rel1.win32_1.1.1.202309131626/tools/bin/../lib/gcc/arm-none-eabi/11.3.1/thumb/v7-m/nofp/crtbegin.o
 *(.text*)
 .text.SysTick_Handler
                0x0000000008000170       0x1c ./Src/Systick.o
                0x0000000008000170                SysTick_Handler
 .text.main     0x000000000800018c        0x6 ./Src/main.o
                0x000000000800018c                main
 *fill*         0x0000000008000192        0x2 
 .text.Reset_Handler
                0x0000000008000194       0x50 ./Startup/startup_stm32f103c8tx.o
                0x0000000008000194                Reset_Handler
 .text.Default_Handler
                0x00000000080001e4        0x2 ./Startup/startup_stm32f103c8tx.o
                0x00000000080001e4                EXTI2_IRQHandler
                0x00000000080001e4                TIM8_TRG_COM_IRQHandler
                0x00000000080001e4                TIM8_CC_IRQHandler
                0x00000000080001e4                DebugMon_Handler
                0x00000000080001e4                TIM1_CC_IRQHandler
                0x00000000080001e4                HardFault_Handler
                0x00000000080001e4                TIM6_IRQHandler
                0x00000000080001e4                PVD_IRQHandler
                0x00000000080001e4                SDIO_IRQHandler
                0x00000000080001e4                PendSV_Handler
                0x00000000080001e4                NMI_Handler
                0x00000000080001e4                EXTI3_IRQHandler
                0x00000000080001e4                USB_HP_CAN_TX_IRQHandler
                0x00000000080001e4                EXTI0_IRQHandler
                0x00000000080001e4                I2C2_EV_IRQHandler
                0x00000000080001e4                UsageFault_Handler
                0x00000000080001e4                ADC1_2_IRQHandler
                0x00000000080001e4                SPI1_IRQHandler
                0x00000000080001e4                CAN_SCE_IRQHandler
                0x00000000080001e4                TAMPER_IRQHandler
                0x00000000080001e4                TIM8_UP_IRQHandler
                0x00000000080001e4                DMA2_Channel2_IRQHandler
                0x00000000080001e4                DMA1_Channel4_IRQHandler
                0x00000000080001e4                USART3_IRQHandler
                0x00000000080001e4                RTC_IRQHandler
                0x00000000080001e4                DMA1_Channel7_IRQHandler
                0x00000000080001e4                UART5_IRQHandler
                0x00000000080001e4                ADC3_IRQHandler
                0x00000000080001e4                TIM4_IRQHandler
                0x00000000080001e4                CAN_RX1_IRQHandler
                0x00000000080001e4                DMA2_Channel1_IRQHandler
                0x00000000080001e4                I2C1_EV_IRQHandler
                0x00000000080001e4                DMA1_Channel6_IRQHandler
                0x00000000080001e4                UART4_IRQHandler
                0x00000000080001e4                TIM3_IRQHandler
                0x00000000080001e4                RCC_IRQHandler
                0x00000000080001e4                TIM1_TRG_COM_IRQHandler
                0x00000000080001e4                DMA1_Channel1_IRQHandler
                0x00000000080001e4                Default_Handler
                0x00000000080001e4                EXTI15_10_IRQHandler
                0x00000000080001e4                TIM7_IRQHandler
                0x00000000080001e4                TIM5_IRQHandler
                0x00000000080001e4                EXTI9_5_IRQHandler
                0x00000000080001e4                SPI2_IRQHandler
                0x00000000080001e4                USB_LP_CAN_RX0_IRQHandler
                0x00000000080001e4                MemManage_Handler
                0x00000000080001e4                SVC_Handler
                0x00000000080001e4                DMA1_Channel5_IRQHandler
                0x00000000080001e4                EXTI4_IRQHandler
                0x00000000080001e4                DMA1_Channel3_IRQHandler
                0x00000000080001e4                FSMC_IRQHandler
                0x00000000080001e4                TIM1_UP_IRQHandler
                0x00000000080001e4                WWDG_IRQHandler
                0x00000000080001e4                TIM2_IRQHandler
                0x00000000080001e4                TIM1_BRK_IRQHandler
                0x00000000080001e4                EXTI1_IRQHandler
                0x00000000080001e4                RTCAlarm_IRQHandler
                0x00000000080001e4                DMA2_Channel4_5_IRQHandler
                0x00000000080001e4                USART2_IRQHandler
                0x00000000080001e4                I2C2_ER_IRQHandler
                0x00000000080001e4                DMA1_Channel2_IRQHandler
                0x00000000080001e4                TIM8_BRK_IRQHandler
                0x00000000080001e4                FLASH_IRQHandler
                0x00000000080001e4                BusFault_Handler
                0x00000000080001e4                USART1_IRQHandler
                0x00000000080001e4                SPI3_IRQHandler
                0x00000000080001e4                I2C1_ER_IRQHandler
                0x00000000080001e4                DMA2_Channel3_IRQHandler
 *fill*         0x00000000080001e6        0x2 
 .text.__libc_init_array
                0x00000000080001e8       0x48 D:/programm/STM32CubeIDE_1.13.2/STM32CubeIDE/plugins/com.st.stm32cube.ide.mcu.externaltools.gnu-tools-for-stm32.11.3.rel1.win32_1.1.1.202309131626/tools/bin/../lib/gcc/arm-none-eabi/11.3.1/../../../../arm-none-eabi/lib/thumb/v7-m/nofp\libc_nano.a(libc_a-init.o)
                0x00000000080001e8                __libc_init_array
 *(.glue_7)
 .glue_7        0x0000000008000230        0x0 linker stubs
 *(.glue_7t)
 .glue_7t       0x0000000008000230        0x0 linker stubs
 *(.eh_frame)
 .eh_frame      0x0000000008000230        0x0 D:/programm/STM32CubeIDE_1.13.2/STM32CubeIDE/plugins/com.st.stm32cube.ide.mcu.externaltools.gnu-tools-for-stm32.11.3.rel1.win32_1.1.1.202309131626/tools/bin/../lib/gcc/arm-none-eabi/11.3.1/thumb/v7-m/nofp/crtbegin.o
 *(.init)
 .init          0x0000000008000230        0x4 D:/programm/STM32CubeIDE_1.13.2/STM32CubeIDE/plugins/com.st.stm32cube.ide.mcu.externaltools.gnu-tools-for-stm32.11.3.rel1.win32_1.1.1.202309131626/tools/bin/../lib/gcc/arm-none-eabi/11.3.1/thumb/v7-m/nofp/crti.o
                0x0000000008000230                _init
 .init          0x0000000008000234        0x8 D:/programm/STM32CubeIDE_1.13.2/STM32CubeIDE/plugins/com.st.stm32cube.ide.mcu.externaltools.gnu-tools-for-stm32.11.3.rel1.win32_1.1.1.202309131626/tools/bin/../lib/gcc/arm-none-eabi/11.3.1/thumb/v7-m/nofp/crtn.o
 *(.fini)
 .fini          0x000000000800023c        0x4 D:/programm/STM32CubeIDE_1.13.2/STM32CubeIDE/plugins/com.st.stm32cube.ide.mcu.externaltools.gnu-tools-for-stm32.11.3.rel1.win32_1.1.1.202309131626/tools/bin/../lib/gcc/arm-none-eabi/11.3.1/thumb/v7-m/nofp/crti.o
                0x000000000800023c                _fini
 .fini          0x0000000008000240        0x8 D:/programm/STM32CubeIDE_1.13.2/STM32CubeIDE/plugins/com.st.stm32cube.ide.mcu.externaltools.gnu-tools-for-stm32.11.3.rel1.win32_1.1.1.202309131626/tools/bin/../lib/gcc/arm-none-eabi/11.3.1/thumb/v7-m/nofp/crtn.o
                0x0000000008000248                . = ALIGN (0x4)
                0x0000000008000248                _etext = .

.vfp11_veneer   0x0000000008000248        0x0
 .vfp11_veneer  0x0000000008000248        0x0 linker stubs

.v4_bx          0x0000000008000248        0x0
 .v4_bx         0x0000000008000248        0x0 linker stubs

.iplt           0x0000000008000248        0x0
 .iplt          0x0000000008000248        0x0 D:/programm/STM32CubeIDE_1.13.2/STM32CubeIDE/plugins/com.st.stm32cube.ide.mcu.externaltools.gnu-tools-for-stm32.11.3.rel1.win32_1.1.1.202309131626/tools/bin/../lib/gcc/arm-none-eabi/11.3.1/thumb/v7-m/nofp/crtbegin.o

.rel.dyn        0x0000000008000248        0x0
 .rel.iplt      0x0000000008000248        0x0 D:/programm/STM32CubeIDE_1.13.2/STM32CubeIDE/plugins/com.st.stm32cube.ide.mcu.externaltools.gnu-tools-for-stm32.11.3.rel1.win32_1.1.1.202309131626/tools/bin/../lib/gcc/arm-none-eabi/11.3.1/thumb/v7-m/nofp/crtbegin.o

.rodata         0x0000000008000248        0x0
                0x0000000008000248                . = ALIGN (0x4)
 *(.rodata)
 *(.rodata*)
                0x0000000008000248                . = ALIGN (0x4)

.ARM.extab      0x0000000008000248        0x0
                0x0000000008000248                . = ALIGN (0x4)
 *(.ARM.extab* .gnu.linkonce.armextab.*)
                0x0000000008000248                . = ALIGN (0x4)

.ARM            0x0000000008000248        0x0
                0x0000000008000248                . = ALIGN (0x4)
                0x0000000008000248                __exidx_start = .
 *(.ARM.exidx*)
                0x0000000008000248                __exidx_end = .
                0x0000000008000248                . = ALIGN (0x4)

.preinit_array  0x0000000008000248        0x0
                0x0000000008000248                . = ALIGN (0x4)
                0x0000000008000248                PROVIDE (__preinit_array_start = .)
 *(.preinit_array*)
                0x0000000008000248                PROVIDE (__preinit_array_end = .)
                0x0000000008000248                . = ALIGN (0x4)

.init_array     0x0000000008000248        0x4
                0x0000000008000248                . = ALIGN (0x4)
                0x0000000008000248                PROVIDE (__init_array_start = .)
 *(SORT_BY_NAME(.init_array.*))
 *(.init_array*)
 .init_array    0x0000000008000248        0x4 D:/programm/STM32CubeIDE_1.13.2/STM32CubeIDE/plugins/com.st.stm32cube.ide.mcu.externaltools.gnu-tools-for-stm32.11.3.rel1.win32_1.1.1.202309131626/tools/bin/../lib/gcc/arm-none-eabi/11.3.1/thumb/v7-m/nofp/crtbegin.o
                0x000000000800024c                PROVIDE (__init_array_end = .)
                0x000000000800024c                . = ALIGN (0x4)

.fini_array     0x000000000800024c        0x4
                0x000000000800024c                . = ALIGN (0x4)
                [!provide]                        PROVIDE (__fini_array_start = .)
 *(SORT_BY_NAME(.fini_array.*))
 *(.fini_array*)
 .fini_array    0x000000000800024c        0x4 D:/programm/STM32CubeIDE_1.13.2/STM32CubeIDE/plugins/com.st.stm32cube.ide.mcu.externaltools.gnu-tools-for-stm32.11.3.rel1.win32_1.1.1.202309131626/tools/bin/../lib/gcc/arm-none-eabi/11.3.1/thumb/v7-m/nofp/crtbegin.o
                [!provide]                        PROVIDE (__fini_array_end = .)
                0x0000000008000250                . = ALIGN (0x4)
                0x0000000008000250                _sidata = LOADADDR (.data)

.data           0x0000000020000000        0x0 load address 0x0000000008000250
                0x0000000020000000                . = ALIGN (0x4)
                0x0000000020000000                _sdata = .
 *(.data)
 *(.data*)
 *(.RamFunc)
 *(.RamFunc*)
                0x0000000020000000                . = ALIGN (0x4)
                0x0000000020000000                _edata = .

.igot.plt       0x0000000020000000        0x0 load address 0x0000000008000250
 .igot.plt      0x0000000020000000        0x0 D:/programm/STM32CubeIDE_1.13.2/STM32CubeIDE/plugins/com.st.stm32cube.ide.mcu.externaltools.gnu-tools-for-stm32.11.3.rel1.win32_1.1.1.202309131626/tools/bin/../lib/gcc/arm-none-eabi/11.3.1/thumb/v7-m/nofp/crtbegin.o
                0x0000000020000000                . = ALIGN (0x4)

.bss            0x0000000020000000       0x20 load address 0x0000000008000250
                0x0000000020000000                _sbss = .
                0x0000000020000000                __bss_start__ = _sbss
 *(.bss)
 .bss           0x0000000020000000       0x1c D:/programm/STM32CubeIDE_1.13.2/STM32CubeIDE/plugins/com.st.stm32cube.ide.mcu.externaltools.gnu-tools-for-stm32.11.3.rel1.win32_1.1.1.202309131626/tools/bin/../lib/gcc/arm-none-eabi/11.3.1/thumb/v7-m/nofp/crtbegin.o
 *(.bss*)
 .bss.APPcbf    0x000000002000001c        0x4 ./Src/Systick.o
                0x000000002000001c                APPcbf
 *(COMMON)
                0x0000000020000020                . = ALIGN (0x4)
                0x0000000020000020                _ebss = .
                0x0000000020000020                __bss_end__ = _ebss

._user_heap_stack
                0x0000000020000020      0x600 load address 0x0000000008000250
                0x0000000020000020                . = ALIGN (0x8)
                [!provide]                        PROVIDE (end = .)
                0x0000000020000020                PROVIDE (_end = .)
                0x0000000020000220                . = (. + _Min_Heap_Size)
 *fill*         0x0000000020000020      0x200 
                0x0000000020000620                . = (. + _Min_Stack_Size)
 *fill*         0x0000000020000220      0x400 
                0x0000000020000620                . = ALIGN (0x8)

/DISCARD/
 libc.a(*)
 libm.a(*)
 libgcc.a(*)

.ARM.attributes
                0x0000000000000000       0x29
 *(.ARM.attributes)
 .ARM.attributes
                0x0000000000000000       0x1d D:/programm/STM32CubeIDE_1.13.2/STM32CubeIDE/plugins/com.st.stm32cube.ide.mcu.externaltools.gnu-tools-for-stm32.11.3.rel1.win32_1.1.1.202309131626/tools/bin/../lib/gcc/arm-none-eabi/11.3.1/thumb/v7-m/nofp/crti.o
 .ARM.attributes
                0x000000000000001d       0x2d D:/programm/STM32CubeIDE_1.13.2/STM32CubeIDE/plugins/com.st.stm32cube.ide.mcu.externaltools.gnu-tools-for-stm32.11.3.rel1.win32_1.1.1.202309131626/tools/bin/../lib/gcc/arm-none-eabi/11.3.1/thumb/v7-m/nofp/crtbegin.o
 .ARM.attributes
                0x000000000000004a       0x2d ./Src/Systick.o
 .ARM.attributes
                0x0000000000000077       0x2d ./Src/main.o
 .ARM.attributes
                0x00000000000000a4       0x21 ./Startup/startup_stm32f103c8tx.o
 .ARM.attributes
                0x00000000000000c5       0x2d D:/programm/STM32CubeIDE_1.13.2/STM32CubeIDE/plugins/com.st.stm32cube.ide.mcu.externaltools.gnu-tools-for-stm32.11.3.rel1.win32_1.1.1.202309131626/tools/bin/../lib/gcc/arm-none-eabi/11.3.1/../../../../arm-none-eabi/lib/thumb/v7-m/nofp\libc_nano.a(libc_a-init.o)
 .ARM.attributes
                0x00000000000000f2       0x1d D:/programm/STM32CubeIDE_1.13.2/STM32CubeIDE/plugins/com.st.stm32cube.ide.mcu.externaltools.gnu-tools-for-stm32.11.3.rel1.win32_1.1.1.202309131626/tools/bin/../lib/gcc/arm-none-eabi/11.3.1/thumb/v7-m/nofp/crtn.o
OUTPUT(Systick.elf elf32-littlearm)
LOAD linker stubs
LOAD D:/programm/STM32CubeIDE_1.13.2/STM32CubeIDE/plugins/com.st.stm32cube.ide.mcu.externaltools.gnu-tools-for-stm32.11.3.rel1.win32_1.1.1.202309131626/tools/bin/../lib/gcc/arm-none-eabi/11.3.1/../../../../arm-none-eabi/lib/thumb/v7-m/nofp\libc.a
LOAD D:/programm/STM32CubeIDE_1.13.2/STM32CubeIDE/plugins/com.st.stm32cube.ide.mcu.externaltools.gnu-tools-for-stm32.11.3.rel1.win32_1.1.1.202309131626/tools/bin/../lib/gcc/arm-none-eabi/11.3.1/../../../../arm-none-eabi/lib/thumb/v7-m/nofp\libm.a
LOAD D:/programm/STM32CubeIDE_1.13.2/STM32CubeIDE/plugins/com.st.stm32cube.ide.mcu.externaltools.gnu-tools-for-stm32.11.3.rel1.win32_1.1.1.202309131626/tools/bin/../lib/gcc/arm-none-eabi/11.3.1/thumb/v7-m/nofp\libgcc.a

.comment        0x0000000000000000       0x43
 .comment       0x0000000000000000       0x43 D:/programm/STM32CubeIDE_1.13.2/STM32CubeIDE/plugins/com.st.stm32cube.ide.mcu.externaltools.gnu-tools-for-stm32.11.3.rel1.win32_1.1.1.202309131626/tools/bin/../lib/gcc/arm-none-eabi/11.3.1/thumb/v7-m/nofp/crtbegin.o
                                         0x44 (size before relaxing)
 .comment       0x0000000000000043       0x44 ./Src/Systick.o
 .comment       0x0000000000000043       0x44 ./Src/main.o

.debug_info     0x0000000000000000      0x201
 .debug_info    0x0000000000000000      0x157 ./Src/Systick.o
 .debug_info    0x0000000000000157       0x87 ./Src/main.o
 .debug_info    0x00000000000001de       0x23 ./Startup/startup_stm32f103c8tx.o

.debug_abbrev   0x0000000000000000      0x14f
 .debug_abbrev  0x0000000000000000       0xf6 ./Src/Systick.o
 .debug_abbrev  0x00000000000000f6       0x47 ./Src/main.o
 .debug_abbrev  0x000000000000013d       0x12 ./Startup/startup_stm32f103c8tx.o

.debug_aranges  0x0000000000000000       0x90
 .debug_aranges
                0x0000000000000000       0x48 ./Src/Systick.o
 .debug_aranges
                0x0000000000000048       0x20 ./Src/main.o
 .debug_aranges
                0x0000000000000068       0x28 ./Startup/startup_stm32f103c8tx.o

.debug_rnglists
                0x0000000000000000       0x5e
 .debug_rnglists
                0x0000000000000000       0x32 ./Src/Systick.o
 .debug_rnglists
                0x0000000000000032       0x13 ./Src/main.o
 .debug_rnglists
                0x0000000000000045       0x19 ./Startup/startup_stm32f103c8tx.o

.debug_macro    0x0000000000000000      0x55a
 .debug_macro   0x0000000000000000       0x44 ./Src/Systick.o
 .debug_macro   0x0000000000000044       0x34 ./Src/Systick.o
 .debug_macro   0x0000000000000078       0x1c ./Src/Systick.o
 .debug_macro   0x0000000000000094       0x16 ./Src/Systick.o
 .debug_macro   0x00000000000000aa       0x63 ./Src/main.o
 .debug_macro   0x000000000000010d       0x22 ./Src/main.o
 .debug_macro   0x000000000000012f       0x8e ./Src/main.o
 .debug_macro   0x00000000000001bd       0x51 ./Src/main.o
 .debug_macro   0x000000000000020e      0x103 ./Src/main.o
 .debug_macro   0x0000000000000311       0x6a ./Src/main.o
 .debug_macro   0x000000000000037b      0x1df ./Src/main.o

.debug_line     0x0000000000000000      0x5f1
 .debug_line    0x0000000000000000      0x159 ./Src/Systick.o
 .debug_line    0x0000000000000159      0x41d ./Src/main.o
 .debug_line    0x0000000000000576       0x7b ./Startup/startup_stm32f103c8tx.o

.debug_str      0x0000000000000000     0x3fcd
 .debug_str     0x0000000000000000     0x31ce ./Src/Systick.o
                                       0x3220 (size before relaxing)
 .debug_str     0x00000000000031ce      0xdd0 ./Src/main.o
                                       0x3c6e (size before relaxing)
 .debug_str     0x0000000000003f9e       0x2f ./Startup/startup_stm32f103c8tx.o
                                         0x40 (size before relaxing)

.debug_frame    0x0000000000000000      0x130
 .debug_frame   0x0000000000000000       0xdc ./Src/Systick.o
 .debug_frame   0x00000000000000dc       0x28 ./Src/main.o
 .debug_frame   0x0000000000000104       0x2c D:/programm/STM32CubeIDE_1.13.2/STM32CubeIDE/plugins/com.st.stm32cube.ide.mcu.externaltools.gnu-tools-for-stm32.11.3.rel1.win32_1.1.1.202309131626/tools/bin/../lib/gcc/arm-none-eabi/11.3.1/../../../../arm-none-eabi/lib/thumb/v7-m/nofp\libc_nano.a(libc_a-init.o)

.debug_line_str
                0x0000000000000000       0x34
 .debug_line_str
                0x0000000000000000       0x34 ./Startup/startup_stm32f103c8tx.o
                                         0x4c (size before relaxing)
